Archive member included to satisfy reference by file (symbol)

/usr/lib/gcc/arm-none-eabi/13.2.0/thumb/v6-m/nofp/libgcc.a(_dvmd_tls.o)
                              CMakeFiles/kms.dir/usr/share/pico-sdk/src/rp2_common/pico_divider/divider.S.obj (__aeabi_idiv0)
/usr/lib/gcc/arm-none-eabi/13.2.0/../../../../arm-none-eabi/lib/thumb/v6-m/nofp/libc.a(libc_a-atexit.o)
                              /usr/lib/gcc/arm-none-eabi/13.2.0/../../../../arm-none-eabi/lib/thumb/v6-m/nofp/crt0.o (atexit)
/usr/lib/gcc/arm-none-eabi/13.2.0/../../../../arm-none-eabi/lib/thumb/v6-m/nofp/libc.a(libc_a-calloc.o)
                              CMakeFiles/kms.dir/usr/share/pico-sdk/src/rp2_common/pico_malloc/pico_malloc.c.obj (calloc)
/usr/lib/gcc/arm-none-eabi/13.2.0/../../../../arm-none-eabi/lib/thumb/v6-m/nofp/libc.a(libc_a-callocr.o)
                              /usr/lib/gcc/arm-none-eabi/13.2.0/../../../../arm-none-eabi/lib/thumb/v6-m/nofp/libc.a(libc_a-calloc.o) (_calloc_r)
/usr/lib/gcc/arm-none-eabi/13.2.0/../../../../arm-none-eabi/lib/thumb/v6-m/nofp/libc.a(libc_a-malloc.o)
                              CMakeFiles/kms.dir/usr/share/pico-sdk/src/rp2_common/pico_malloc/pico_malloc.c.obj (malloc)
/usr/lib/gcc/arm-none-eabi/13.2.0/../../../../arm-none-eabi/lib/thumb/v6-m/nofp/libc.a(libc_a-mallocr.o)
                              /usr/lib/gcc/arm-none-eabi/13.2.0/../../../../arm-none-eabi/lib/thumb/v6-m/nofp/libc.a(libc_a-callocr.o) (_malloc_r)
/usr/lib/gcc/arm-none-eabi/13.2.0/../../../../arm-none-eabi/lib/thumb/v6-m/nofp/libc.a(libc_a-mlock.o)
                              /usr/lib/gcc/arm-none-eabi/13.2.0/../../../../arm-none-eabi/lib/thumb/v6-m/nofp/libc.a(libc_a-mallocr.o) (__malloc_lock)
/usr/lib/gcc/arm-none-eabi/13.2.0/../../../../arm-none-eabi/lib/thumb/v6-m/nofp/libc.a(libc_a-realloc.o)
                              CMakeFiles/kms.dir/usr/share/pico-sdk/src/rp2_common/pico_malloc/pico_malloc.c.obj (realloc)
/usr/lib/gcc/arm-none-eabi/13.2.0/../../../../arm-none-eabi/lib/thumb/v6-m/nofp/libc.a(libc_a-reallocr.o)
                              /usr/lib/gcc/arm-none-eabi/13.2.0/../../../../arm-none-eabi/lib/thumb/v6-m/nofp/libc.a(libc_a-realloc.o) (_realloc_r)
/usr/lib/gcc/arm-none-eabi/13.2.0/../../../../arm-none-eabi/lib/thumb/v6-m/nofp/libc.a(libc_a-scanf.o)
                              CMakeFiles/kms.dir/kms.c.obj (scanf)
/usr/lib/gcc/arm-none-eabi/13.2.0/../../../../arm-none-eabi/lib/thumb/v6-m/nofp/libc.a(libc_a-memmove.o)
                              /usr/lib/gcc/arm-none-eabi/13.2.0/../../../../arm-none-eabi/lib/thumb/v6-m/nofp/libc.a(libc_a-reallocr.o) (memmove)
/usr/lib/gcc/arm-none-eabi/13.2.0/../../../../arm-none-eabi/lib/thumb/v6-m/nofp/libc.a(libc_a-impure.o)
                              /usr/lib/gcc/arm-none-eabi/13.2.0/../../../../arm-none-eabi/lib/thumb/v6-m/nofp/libc.a(libc_a-calloc.o) (_impure_ptr)
/usr/lib/gcc/arm-none-eabi/13.2.0/../../../../arm-none-eabi/lib/thumb/v6-m/nofp/libc.a(libc_a-sbrkr.o)
                              /usr/lib/gcc/arm-none-eabi/13.2.0/../../../../arm-none-eabi/lib/thumb/v6-m/nofp/libc.a(libc_a-mallocr.o) (_sbrk_r)
/usr/lib/gcc/arm-none-eabi/13.2.0/../../../../arm-none-eabi/lib/thumb/v6-m/nofp/libc.a(libc_a-errno.o)
                              /usr/lib/gcc/arm-none-eabi/13.2.0/../../../../arm-none-eabi/lib/thumb/v6-m/nofp/libc.a(libc_a-callocr.o) (__errno)
/usr/lib/gcc/arm-none-eabi/13.2.0/../../../../arm-none-eabi/lib/thumb/v6-m/nofp/libc.a(libc_a-init.o)
                              /usr/lib/gcc/arm-none-eabi/13.2.0/../../../../arm-none-eabi/lib/thumb/v6-m/nofp/crt0.o (__libc_init_array)
/usr/lib/gcc/arm-none-eabi/13.2.0/../../../../arm-none-eabi/lib/thumb/v6-m/nofp/libc.a(libc_a-fini.o)
                              /usr/lib/gcc/arm-none-eabi/13.2.0/../../../../arm-none-eabi/lib/thumb/v6-m/nofp/crt0.o (__libc_fini_array)
/usr/lib/gcc/arm-none-eabi/13.2.0/../../../../arm-none-eabi/lib/thumb/v6-m/nofp/libc.a(libc_a-lock.o)
                              /usr/lib/gcc/arm-none-eabi/13.2.0/../../../../arm-none-eabi/lib/thumb/v6-m/nofp/libc.a(libc_a-mlock.o) (__retarget_lock_acquire_recursive)
/usr/lib/gcc/arm-none-eabi/13.2.0/../../../../arm-none-eabi/lib/thumb/v6-m/nofp/libc.a(libc_a-sysconf.o)
                              /usr/lib/gcc/arm-none-eabi/13.2.0/../../../../arm-none-eabi/lib/thumb/v6-m/nofp/libc.a(libc_a-mallocr.o) (sysconf)
/usr/lib/gcc/arm-none-eabi/13.2.0/../../../../arm-none-eabi/lib/thumb/v6-m/nofp/libc.a(libc_a-strlen-stub.o)
                              CMakeFiles/kms.dir/usr/share/pico-sdk/src/rp2_common/pico_stdio/stdio.c.obj (strlen)
/usr/lib/gcc/arm-none-eabi/13.2.0/../../../../arm-none-eabi/lib/thumb/v6-m/nofp/libc.a(libc_a-__atexit.o)
                              /usr/lib/gcc/arm-none-eabi/13.2.0/../../../../arm-none-eabi/lib/thumb/v6-m/nofp/libc.a(libc_a-atexit.o) (__register_exitproc)
/usr/lib/gcc/arm-none-eabi/13.2.0/../../../../arm-none-eabi/lib/thumb/v6-m/nofp/libc.a(libc_a-__call_atexit.o)
[...]
Memory Configuration

Name             Origin             Length             Attributes
FLASH            0x10000000         0x00200000         xr
RAM              0x20000000         0x00040000         xrw
SCRATCH_X        0x20040000         0x00001000         xrw
SCRATCH_Y        0x20041000         0x00001000         xrw
*default*        0x00000000         0xffffffff

Linker script and memory map

LOAD /usr/lib/gcc/arm-none-eabi/13.2.0/thumb/v6-m/nofp/crti.o
LOAD /usr/lib/gcc/arm-none-eabi/13.2.0/thumb/v6-m/nofp/crtbegin.o
LOAD /usr/lib/gcc/arm-none-eabi/13.2.0/../../../../arm-none-eabi/lib/thumb/v6-m/nofp/crt0.o

.flash_begin    0x10000000        0x0
                0x10000000                        __flash_binary_start = .

.boot2          0x10000000      0x100
                0x10000000                        __boot2_start__ = .
 *(.boot2)
 .boot2         0x10000000      0x100 /tmp/cc9uQPrL.o
                0x10000100                        __boot2_end__ = .
                0x00000001                        ASSERT (((__boot2_end__ - __boot2_start__) == 0x100), ERROR: Pico second stage bootloader must be 256 bytes in size)

.text           0x10000100     0xcc88
                0x10000100                        __logical_binary_start = .
 *(.vectors)
 .vectors       0x10000100       0xd4 CMakeFiles/kms.dir/usr/share/pico-sdk/src/rp2_common/pico_standard_link/crt0.S.obj
                0x10000100                __vectors
                0x10000100                __VECTOR_TABLE
                0x100001c0                isr_invalid
                0x100001c0                __default_isrs_start
                0x100001c2                isr_nmi
                0x100001c4                isr_hardfault
                0x100001c6                isr_svcall
                0x100001c8                isr_pendsv
                0x100001ca                isr_systick
                0x100001cc                isr_irq30
                0x100001cc                __unhandled_user_irq
                0x100001cc                isr_irq13
                0x100001cc                isr_irq27
                0x100001cc                isr_irq31
                0x100001cc                isr_irq5
                0x100001cc                isr_irq11
                0x100001cc                isr_irq23
                0x100001cc                isr_irq18
                0x100001cc                isr_irq28
                0x100001cc                isr_irq19
                0x100001cc                isr_irq0
                0x100001cc                isr_irq6
                0x100001cc                isr_irq22
                0x100001cc                isr_irq17
                0x100001cc                isr_irq14
                0x100001cc                isr_irq2
                0x100001cc                isr_irq10
                0x100001cc                isr_irq8
                0x100001cc                isr_irq24
                0x100001cc                isr_irq1
                0x100001cc                isr_irq7
                0x100001cc                isr_irq21
                0x100001cc                isr_irq20
                0x100001cc                isr_irq15
                0x100001cc                isr_irq25
                0x100001cc                isr_irq4
                0x100001cc                isr_irq16
                0x100001cc                isr_irq29
                0x100001cc                isr_irq26
                0x100001cc                __default_isrs_end
                0x100001cc                isr_irq3
                0x100001cc                isr_irq12
                0x100001cc                isr_irq9
                0x100001d2                unhandled_user_irq_num_in_r0
 *(.binary_info_header)
 .binary_info_header
                0x100001d4       0x14 CMakeFiles/kms.dir/usr/share/pico-sdk/src/rp2_common/pico_standard_link/crt0.S.obj
                0x100001e8                        __binary_info_header_end = .
 *(.reset)
 .reset         0x100001e8       0xa0 CMakeFiles/kms.dir/usr/share/pico-sdk/src/rp2_common/pico_standard_link/crt0.S.obj
                0x100001e8                _entry_point
 .reset         0x10000288       0x30 CMakeFiles/kms.dir/usr/share/pico-sdk/src/rp2_common/pico_standard_link/binary_info.c.obj
 *(.init)
 .init          0x100002b8        0x4 /usr/lib/gcc/arm-none-eabi/13.2.0/thumb/v6-m/nofp/crti.o
                0x100002b8                _init
 *(EXCLUDE_FILE(*libm.a: *libc.a:*lib_a-mem*.o *libgcc.a:) .text*)
 .text.frame_dummy
                0x100002bc       0x20 /usr/lib/gcc/arm-none-eabi/13.2.0/thumb/v6-m/nofp/crtbegin.o
 .text.setRes   0x100002dc      0x120 CMakeFiles/kms.dir/kms.c.obj
                0x100002dc                setRes
 .text.setup    0x100003fc       0x54 CMakeFiles/kms.dir/kms.c.obj
                0x100003fc                setup
 .text.startup.main
                0x10000450       0xec CMakeFiles/kms.dir/kms.c.obj
                0x10000450                main
 .text.gpio_init
                0x1000053c       0x3c CMakeFiles/kms.dir/usr/share/pico-sdk/src/rp2_common/hardware_gpio/gpio.c.obj
                0x1000053c                gpio_init
 .text.running_on_fpga
                0x10000578       0x10 CMakeFiles/kms.dir/usr/share/pico-sdk/src/rp2_common/pico_platform/platform.c.obj
                0x10000578                running_on_fpga
 .text.hw_claim_or_assert
                0x10000588       0x44 CMakeFiles/kms.dir/usr/share/pico-sdk/src/rp2_common/hardware_claim/claim.c.obj
                0x10000588                hw_claim_or_assert
 .text.hw_claim_unused_from_range
                0x100005cc       0x9c CMakeFiles/kms.dir/usr/share/pico-sdk/src/rp2_common/hardware_claim/claim.c.obj
                0x100005cc                hw_claim_unused_from_range
 .text.spin_locks_reset
                0x10000668       0x1c CMakeFiles/kms.dir/usr/share/pico-sdk/src/rp2_common/hardware_sync/sync.c.obj
                0x10000668                spin_locks_reset
 .text.next_striped_spin_lock_num
                0x10000684       0x18 CMakeFiles/kms.dir/usr/share/pico-sdk/src/rp2_common/hardware_sync/sync.c.obj
                0x10000684                next_striped_spin_lock_num
 .text.spin_lock_claim_unused
                0x1000069c       0x24 CMakeFiles/kms.dir/usr/share/pico-sdk/src/rp2_common/hardware_sync/sync.c.obj
                0x1000069c                spin_lock_claim_unused
 .text.irq_set_enabled
                0x100006c0       0x24 CMakeFiles/kms.dir/usr/share/pico-sdk/src/rp2_common/hardware_irq/irq.c.obj
                0x100006c0                irq_set_enabled
 .text.irq_set_pending
                0x100006e4       0x10 CMakeFiles/kms.dir/usr/share/pico-sdk/src/rp2_common/hardware_irq/irq.c.obj
                0x100006e4                irq_set_pending
 .text.irq_has_shared_handler
                0x100006f4       0x2c CMakeFiles/kms.dir/usr/share/pico-sdk/src/rp2_common/hardware_irq/irq.c.obj
                0x100006f4                irq_has_shared_handler
 .text.irq_get_vtable_handler
                0x10000720       0x10 CMakeFiles/kms.dir/usr/share/pico-sdk/src/rp2_common/hardware_irq/irq.c.obj
                0x10000720                irq_get_vtable_handler
 .text.irq_set_exclusive_handler
                0x10000730       0x54 CMakeFiles/kms.dir/usr/share/pico-sdk/src/rp2_common/hardware_irq/irq.c.obj
                0x10000730                irq_set_exclusive_handler
 .text.irq_add_shared_handler
                0x10000784      0x1f4 CMakeFiles/kms.dir/usr/share/pico-sdk/src/rp2_common/hardware_irq/irq.c.obj
                0x10000784                irq_add_shared_handler
 .text.irq_remove_handler
                0x10000978      0x1c4 CMakeFiles/kms.dir/usr/share/pico-sdk/src/rp2_common/hardware_irq/irq.c.obj
                0x10000978                irq_remove_handler
 .text.irq_add_tail_to_free_list
                0x10000b3c       0xb4 CMakeFiles/kms.dir/usr/share/pico-sdk/src/rp2_common/hardware_irq/irq.c.obj
                0x10000b3c                irq_add_tail_to_free_list
 .text.irq_init_priorities
                0x10000bf0       0x24 CMakeFiles/kms.dir/usr/share/pico-sdk/src/rp2_common/hardware_irq/irq.c.obj
                0x10000bf0                irq_init_priorities
 .text.user_irq_claim_unused
                0x10000c14       0x2c CMakeFiles/kms.dir/usr/share/pico-sdk/src/rp2_common/hardware_irq/irq.c.obj
                0x10000c14                user_irq_claim_unused
 .text.lock_init
                0x10000c40       0x10 CMakeFiles/kms.dir/usr/share/pico-sdk/src/common/pico_sync/lock_core.c.obj
                0x10000c40                lock_init
 .text.mutex_init
                0x10000c50       0x1c CMakeFiles/kms.dir/usr/share/pico-sdk/src/common/pico_sync/mutex.c.obj
                0x10000c50                mutex_init
 .text.recursive_mutex_init
                0x10000c6c       0x1c CMakeFiles/kms.dir/usr/share/pico-sdk/src/common/pico_sync/mutex.c.obj
                0x10000c6c                recursive_mutex_init
 .text.critical_section_init
                0x10000c88       0x1c CMakeFiles/kms.dir/usr/share/pico-sdk/src/common/pico_sync/critical_section.c.obj
                0x10000c88                critical_section_init
 .text.critical_section_init_with_lock_num
                0x10000ca4       0x14 CMakeFiles/kms.dir/usr/share/pico-sdk/src/common/pico_sync/critical_section.c.obj
                0x10000ca4                critical_section_init_with_lock_num
 .text.timer_pool_entry_comparator
                0x10000cb8       0x34 CMakeFiles/kms.dir/usr/share/pico-sdk/src/common/pico_time/time.c.obj
                0x10000cb8                timer_pool_entry_comparator
 .text.sleep_until_callback
                0x10000cec       0x30 CMakeFiles/kms.dir/usr/share/pico-sdk/src/common/pico_time/time.c.obj
 .text.add_alarm_under_lock.isra.0
                0x10000d1c      0x100 CMakeFiles/kms.dir/usr/share/pico-sdk/src/common/pico_time/time.c.obj
 .text.alarm_pool_alarm_callback
                0x10000e1c      0x1c0 CMakeFiles/kms.dir/usr/share/pico-sdk/src/common/pico_time/time.c.obj
 .text.alarm_pool_init_default
                0x10000fdc       0x6c CMakeFiles/kms.dir/usr/share/pico-sdk/src/common/pico_time/time.c.obj
                0x10000fdc                alarm_pool_init_default
 .text.alarm_pool_get_default
                0x10001048        0x8 CMakeFiles/kms.dir/usr/share/pico-sdk/src/common/pico_time/time.c.obj
                0x10001048                alarm_pool_get_default
 .text.alarm_pool_add_alarm_at
                0x10001050      0x17c CMakeFiles/kms.dir/usr/share/pico-sdk/src/common/pico_time/time.c.obj
                0x10001050                alarm_pool_add_alarm_at
 .text.alarm_pool_core_num
                0x100011cc        0x4 CMakeFiles/kms.dir/usr/share/pico-sdk/src/common/pico_time/time.c.obj
                0x100011cc                alarm_pool_core_num
 .text.sleep_until
                0x100011d0       0xc4 CMakeFiles/kms.dir/usr/share/pico-sdk/src/common/pico_time/time.c.obj
                0x100011d0                sleep_until
 .text.sleep_ms
                0x10001294       0x38 CMakeFiles/kms.dir/usr/share/pico-sdk/src/common/pico_time/time.c.obj
                0x10001294                sleep_ms
 .text.best_effort_wfe_or_timeout
                0x100012cc       0xcc CMakeFiles/kms.dir/usr/share/pico-sdk/src/common/pico_time/time.c.obj
                0x100012cc                best_effort_wfe_or_timeout
 .text.hardware_alarm_irq_handler
                0x10001398       0xbc CMakeFiles/kms.dir/usr/share/pico-sdk/src/rp2_common/hardware_timer/timer.c.obj
 .text.hardware_alarm_claim
                0x10001454       0x18 CMakeFiles/kms.dir/usr/share/pico-sdk/src/rp2_common/hardware_timer/timer.c.obj
                0x10001454                hardware_alarm_claim
 .text.time_us_64
                0x1000146c       0x14 CMakeFiles/kms.dir/usr/share/pico-sdk/src/rp2_common/hardware_timer/timer.c.obj
                0x1000146c                time_us_64
 .text.busy_wait_us
                0x10001480       0x68 CMakeFiles/kms.dir/usr/share/pico-sdk/src/rp2_common/hardware_timer/timer.c.obj
                0x10001480                busy_wait_us
 .text.busy_wait_until
                0x100014e8       0x20 CMakeFiles/kms.dir/usr/share/pico-sdk/src/rp2_common/hardware_timer/timer.c.obj
                0x100014e8                busy_wait_until
 .text.hardware_alarm_set_callback
                0x10001508       0x8c CMakeFiles/kms.dir/usr/share/pico-sdk/src/rp2_common/hardware_timer/timer.c.obj
                0x10001508                hardware_alarm_set_callback
 .text.hardware_alarm_set_target
                0x10001594       0xd0 CMakeFiles/kms.dir/usr/share/pico-sdk/src/rp2_common/hardware_timer/timer.c.obj
                0x10001594                hardware_alarm_set_target
 .text.hardware_alarm_cancel
                0x10001664       0x3c CMakeFiles/kms.dir/usr/share/pico-sdk/src/rp2_common/hardware_timer/timer.c.obj
                0x10001664                hardware_alarm_cancel
 .text.ph_merge_nodes
                0x100016a0       0x58 CMakeFiles/kms.dir/usr/share/pico-sdk/src/common/pico_util/pheap.c.obj
 .text.ph_post_alloc_init
                0x100016f8       0x3c CMakeFiles/kms.dir/usr/share/pico-sdk/src/common/pico_util/pheap.c.obj
                0x100016f8                ph_post_alloc_init
 .text.ph_merge_two_pass
                0x10001734       0x8c CMakeFiles/kms.dir/usr/share/pico-sdk/src/common/pico_util/pheap.c.obj
                0x10001734                ph_merge_two_pass
 .text.ph_remove_any_head
                0x100017c0      0x100 CMakeFiles/kms.dir/usr/share/pico-sdk/src/common/pico_util/pheap.c.obj
 .text.ph_remove_head
                0x100018c0      0x104 CMakeFiles/kms.dir/usr/share/pico-sdk/src/common/pico_util/pheap.c.obj
                0x100018c0                ph_remove_head
 .text.ph_remove_and_free_node
                0x100019c4       0x78 CMakeFiles/kms.dir/usr/share/pico-sdk/src/common/pico_util/pheap.c.obj
                0x100019c4                ph_remove_and_free_node
 .text.clocks_init
                0x10001a3c      0x2c8 CMakeFiles/kms.dir/usr/share/pico-sdk/src/rp2_common/hardware_clocks/clocks.c.obj
                0x10001a3c                clocks_init
 .text.pll_init
                0x10001d04       0xa4 CMakeFiles/kms.dir/usr/share/pico-sdk/src/rp2_common/hardware_pll/pll.c.obj
                0x10001d04                pll_init
 .text.watchdog_start_tick
                0x10001da8       0x10 CMakeFiles/kms.dir/usr/share/pico-sdk/src/rp2_common/hardware_watchdog/watchdog.c.obj
                0x10001da8                watchdog_start_tick
 .text.watchdog_reboot
                0x10001db8       0x9c CMakeFiles/kms.dir/usr/share/pico-sdk/src/rp2_common/hardware_watchdog/watchdog.c.obj
                0x10001db8                watchdog_reboot
 .text.xosc_init
                0x10001e54       0x28 CMakeFiles/kms.dir/usr/share/pico-sdk/src/rp2_common/hardware_xosc/xosc.c.obj
                0x10001e54                xosc_init
 .text.runtime_init
                0x10001e7c       0xf0 CMakeFiles/kms.dir/usr/share/pico-sdk/src/rp2_common/pico_runtime/runtime.c.obj
                0x10001e7c                runtime_init
 .text._exit    0x10001f6c        0x4 CMakeFiles/kms.dir/usr/share/pico-sdk/src/rp2_common/pico_runtime/runtime.c.obj
                0x10001f6c                _exit
 .text._sbrk    0x10001f70       0x34 CMakeFiles/kms.dir/usr/share/pico-sdk/src/rp2_common/pico_runtime/runtime.c.obj
                0x10001f70                _sbrk
 .text.exit     0x10001fa4        0x8 CMakeFiles/kms.dir/usr/share/pico-sdk/src/rp2_common/pico_runtime/runtime.c.obj
                0x10001fa4                exit
 .text.__assert_func
                0x10001fac       0x38 CMakeFiles/kms.dir/usr/share/pico-sdk/src/rp2_common/pico_runtime/runtime.c.obj
                0x10001fac                __assert_func
 .text.panic    0x10001fe4       0x30 CMakeFiles/kms.dir/usr/share/pico-sdk/src/rp2_common/pico_runtime/runtime.c.obj
                0x10001fe4                panic
 .text.hard_assertion_failure
                0x10002014        0xc CMakeFiles/kms.dir/usr/share/pico-sdk/src/rp2_common/pico_runtime/runtime.c.obj
                0x10002014                hard_assertion_failure
 .text._out_buffer
                0x10002020        0x8 CMakeFiles/kms.dir/usr/share/pico-sdk/src/rp2_common/pico_printf/printf.c.obj
 .text._out_null
                0x10002028        0x4 CMakeFiles/kms.dir/usr/share/pico-sdk/src/rp2_common/pico_printf/printf.c.obj
 .text._out_rev
                0x1000202c       0xac CMakeFiles/kms.dir/usr/share/pico-sdk/src/rp2_common/pico_printf/printf.c.obj
 .text._ntoa_format
                0x100020d8      0x250 CMakeFiles/kms.dir/usr/share/pico-sdk/src/rp2_common/pico_printf/printf.c.obj
 .text._out_char
                0x10002328       0x10 CMakeFiles/kms.dir/usr/share/pico-sdk/src/rp2_common/pico_printf/printf.c.obj
 .text._out_fct
                0x10002338       0x10 CMakeFiles/kms.dir/usr/share/pico-sdk/src/rp2_common/pico_printf/printf.c.obj
 .text._etoa    0x10002348      0x464 CMakeFiles/kms.dir/usr/share/pico-sdk/src/rp2_common/pico_printf/printf.c.obj
 .text._ftoa    0x100027ac      0x3c0 CMakeFiles/kms.dir/usr/share/pico-sdk/src/rp2_common/pico_printf/printf.c.obj
 .text._vsnprintf
                0x10002b6c      0xbc8 CMakeFiles/kms.dir/usr/share/pico-sdk/src/rp2_common/pico_printf/printf.c.obj
 .text.__wrap_sprintf
                0x10003734       0x2c CMakeFiles/kms.dir/usr/share/pico-sdk/src/rp2_common/pico_printf/printf.c.obj
                0x10003734                __wrap_sprintf
 .text.vfctprintf
                0x10003760       0x20 CMakeFiles/kms.dir/usr/share/pico-sdk/src/rp2_common/pico_printf/printf.c.obj
                0x10003760                vfctprintf
 .text.weak_raw_printf
                0x10003780       0x40 CMakeFiles/kms.dir/usr/share/pico-sdk/src/rp2_common/pico_printf/printf.c.obj
                0x10003780                weak_raw_printf
 .text.weak_raw_vprintf
                0x100037c0       0x30 CMakeFiles/kms.dir/usr/share/pico-sdk/src/rp2_common/pico_printf/printf.c.obj
                0x100037c0                weak_raw_vprintf
 .text          0x100037f0       0x10 CMakeFiles/kms.dir/usr/share/pico-sdk/src/rp2_common/pico_bit_ops/bit_ops_aeabi.S.obj
 .text.rom_func_lookup
                0x10003800       0x10 CMakeFiles/kms.dir/usr/share/pico-sdk/src/rp2_common/pico_bootrom/bootrom.c.obj
                0x10003800                rom_func_lookup
 .text.rom_data_lookup
                0x10003810       0x10 CMakeFiles/kms.dir/usr/share/pico-sdk/src/rp2_common/pico_bootrom/bootrom.c.obj
                0x10003810                rom_data_lookup
 .text.rom_funcs_lookup
                0x10003820       0x44 CMakeFiles/kms.dir/usr/share/pico-sdk/src/rp2_common/pico_bootrom/bootrom.c.obj
                0x10003820                rom_funcs_lookup
 .text.__wrap___aeabi_idiv
                0x10003864       0x50 CMakeFiles/kms.dir/usr/share/pico-sdk/src/rp2_common/pico_divider/divider.S.obj
                0x10003864                __wrap___aeabi_idivmod
                0x10003864                divmod_s32s32
                0x10003864                div_s32s32
                0x10003864                __wrap___aeabi_idiv
                0x1000386c                divmod_s32s32_unsafe
                0x10003898                divmod_s32s32_savestate
 .text.__wrap___aeabi_uidiv
                0x100038b4       0x4c CMakeFiles/kms.dir/usr/share/pico-sdk/src/rp2_common/pico_divider/divider.S.obj
                0x100038b4                __wrap___aeabi_uidiv
                0x100038b4                __wrap___aeabi_uidivmod
                0x100038b4                div_u32u32
                0x100038b4                divmod_u32u32
                0x100038bc                divmod_u32u32_unsafe
                0x100038e4                divmod_u32u32_savestate
 .text.__wrap___aeabi_ldiv
                0x10003900      0x424 CMakeFiles/kms.dir/usr/share/pico-sdk/src/rp2_common/pico_divider/divider.S.obj
                0x10003900                div_s64s64
                0x10003900                divmod_s64s64
                0x10003900                __wrap___aeabi_ldivmod
                0x10003930                div_u64u64
                0x10003930                divmod_u64u64
                0x10003930                __wrap___aeabi_uldivmod
                0x10003940                divmod_u64u64_savestate
                0x10003960                divmod_s64s64_unsafe
                0x100039e8                divmod_u64u64_unsafe
 .text.__wrap___aeabi_darithmetic
                0x10003d24       0x80 CMakeFiles/kms.dir/usr/share/pico-sdk/src/rp2_common/pico_double/double_aeabi.S.obj
                0x10003d24                __wrap___aeabi_drsub
                0x10003d2a                __wrap___aeabi_dsub
                0x10003d3c                __wrap___aeabi_dadd
                0x10003d4e                __wrap___aeabi_ddiv
                0x10003d8a                __wrap___aeabi_dmul
 .text.__wrap___aeabi_cdcmple
                0x10003da4       0x6c CMakeFiles/kms.dir/usr/share/pico-sdk/src/rp2_common/pico_double/double_aeabi.S.obj
                0x10003da4                __wrap___aeabi_cdrcmple
                0x10003db4                __wrap___aeabi_cdcmple
                0x10003db4                __wrap___aeabi_cdcmpeq
 .text.__wrap___aeabi_dcmpeq
                0x10003e10       0x10 CMakeFiles/kms.dir/usr/share/pico-sdk/src/rp2_common/pico_double/double_aeabi.S.obj
                0x10003e10                __wrap___aeabi_dcmpeq
 .text.__wrap___aeabi_dcmplt
                0x10003e20        0xc CMakeFiles/kms.dir/usr/share/pico-sdk/src/rp2_common/pico_double/double_aeabi.S.obj
                0x10003e20                __wrap___aeabi_dcmplt
 .text.__wrap___aeabi_dcmple
                0x10003e2c       0x10 CMakeFiles/kms.dir/usr/share/pico-sdk/src/rp2_common/pico_double/double_aeabi.S.obj
                0x10003e2c                __wrap___aeabi_dcmple
 .text.__wrap___aeabi_dcmpge
                0x10003e3c       0x10 CMakeFiles/kms.dir/usr/share/pico-sdk/src/rp2_common/pico_double/double_aeabi.S.obj
                0x10003e3c                __wrap___aeabi_dcmpge
 .text.__wrap___aeabi_dcmpgt
                0x10003e4c        0xa CMakeFiles/kms.dir/usr/share/pico-sdk/src/rp2_common/pico_double/double_aeabi.S.obj
                0x10003e4c                __wrap___aeabi_dcmpgt
 .text.__wrap___aeabi_dcmpun
                0x10003e56       0x1c CMakeFiles/kms.dir/usr/share/pico-sdk/src/rp2_common/pico_double/double_aeabi.S.obj
                0x10003e56                __wrap___aeabi_dcmpun
 *fill*         0x10003e72        0x2 
 .text.__wrap___aeabi_i2d
                0x10003e74       0x38 CMakeFiles/kms.dir/usr/share/pico-sdk/src/rp2_common/pico_double/double_aeabi.S.obj
                0x10003e74                __wrap___aeabi_ui2d
                0x10003e7c                __wrap___aeabi_i2d
 .text.__wrap___aeabi_d2iz
                0x10003eac       0x48 CMakeFiles/kms.dir/usr/share/pico-sdk/src/rp2_common/pico_double/double_aeabi.S.obj
                0x10003eac                __wrap___aeabi_d2iz
                0x10003eac                double2int_z
 .text.__wrap___aeabi_d2uiz
                0x10003ef4       0x18 CMakeFiles/kms.dir/usr/share/pico-sdk/src/rp2_common/pico_double/double_aeabi.S.obj
                0x10003ef4                double2uint
                0x10003ef4                __wrap___aeabi_d2uiz
 .text.__wrap___aeabi_l2d
                0x10003f0c       0x18 CMakeFiles/kms.dir/usr/share/pico-sdk/src/rp2_common/pico_double/double_aeabi.S.obj
                0x10003f0c                __wrap___aeabi_l2d
 .text.__wrap___aeabi_d2lz
                0x10003f24       0x26 CMakeFiles/kms.dir/usr/share/pico-sdk/src/rp2_common/pico_double/double_aeabi.S.obj
                0x10003f24                __wrap___aeabi_d2lz
                0x10003f24                double2int64_z
 *fill*         0x10003f4a        0x2 
 .text.double2int64
                0x10003f4c       0x18 CMakeFiles/kms.dir/usr/share/pico-sdk/src/rp2_common/pico_double/double_aeabi.S.obj
                0x10003f4c                double2int64
 .text.double2ufix64
                0x10003f64       0x18 CMakeFiles/kms.dir/usr/share/pico-sdk/src/rp2_common/pico_double/double_aeabi.S.obj
                0x10003f64                double2ufix64
 .text.__wrap___aeabi_d2f
                0x10003f7c       0x18 CMakeFiles/kms.dir/usr/share/pico-sdk/src/rp2_common/pico_double/double_aeabi.S.obj
                0x10003f7c                __wrap___aeabi_d2f
 .text.__aeabi_double_init
                0x10003f94       0x98 CMakeFiles/kms.dir/usr/share/pico-sdk/src/rp2_common/pico_double/double_init_rom.c.obj
                0x10003f94                __aeabi_double_init
 .text.double_table_shim_on_use_helper
                0x1000402c       0x2c CMakeFiles/kms.dir/usr/share/pico-sdk/src/rp2_common/pico_double/double_v1_rom_shim.S.obj
                0x1000402c                double_table_shim_on_use_helper
 .text.__wrap___aeabi_dsub
                0x10004058       0x10 CMakeFiles/kms.dir/usr/share/pico-sdk/src/rp2_common/pico_double/double_v1_rom_shim.S.obj
                0x10004058                drsub_shim
                0x1000405e                dsub_shim
 .text.dadd_shim
                0x10004068      0x15c CMakeFiles/kms.dir/usr/share/pico-sdk/src/rp2_common/pico_double/double_v1_rom_shim.S.obj
                0x10004068                dadd_shim
 .text.dmul_shim
                0x100041c4      0x15c CMakeFiles/kms.dir/usr/share/pico-sdk/src/rp2_common/pico_double/double_v1_rom_shim.S.obj
                0x100041c4                dmul_shim
 .text.ddiv_shim
                0x10004320      0x1b0 CMakeFiles/kms.dir/usr/share/pico-sdk/src/rp2_common/pico_double/double_v1_rom_shim.S.obj
                0x10004320                ddiv_shim
 .text.double2uint_shim
                0x100044d0        0xe CMakeFiles/kms.dir/usr/share/pico-sdk/src/rp2_common/pico_double/double_v1_rom_shim.S.obj
                0x100044d0                double2uint_shim
                0x100044d2                double2ufix_shim
 .text.double2int64_shim
                0x100044de       0x1a CMakeFiles/kms.dir/usr/share/pico-sdk/src/rp2_common/pico_double/double_v1_rom_shim.S.obj
                0x100044de                double2int64_shim
                0x100044e0                double2fix64_shim
 .text.double2uint64_shim
                0x100044f8       0x70 CMakeFiles/kms.dir/usr/share/pico-sdk/src/rp2_common/pico_double/double_v1_rom_shim.S.obj
                0x100044f8                double2uint64_shim
                0x100044fa                double2ufix64_shim
                0x1000451a                d2fix_a
 .text.double2float_shim
                0x10004568       0x5c CMakeFiles/kms.dir/usr/share/pico-sdk/src/rp2_common/pico_double/double_v1_rom_shim.S.obj
                0x10004568                double2float_shim
 .text.x2double_shims
                0x100045c4       0x90 CMakeFiles/kms.dir/usr/share/pico-sdk/src/rp2_common/pico_double/double_v1_rom_shim.S.obj
                0x100045c4                uint2double_shim
                0x100045c6                ufix2double_shim
                0x100045cc                int2double_shim
                0x100045ce                fix2double_shim
                0x100045d4                uint642double_shim
                0x100045d6                ufix642double_shim
                0x100045dc                int642double_shim
                0x100045de                fix642double_shim
 .text.dunpacks
                0x10004654       0x3c CMakeFiles/kms.dir/usr/share/pico-sdk/src/rp2_common/pico_double/double_v1_rom_shim.S.obj
                0x10004654                dunpacks
 .text.__aeabi_lmul
                0x10004690       0x32 CMakeFiles/kms.dir/usr/share/pico-sdk/src/rp2_common/pico_int64_ops/pico_int64_ops_aeabi.S.obj
                0x10004690                __wrap___aeabi_lmul
 *fill*         0x100046c2        0x2 
 .text.__aeabi_float_init
                0x100046c4       0x64 CMakeFiles/kms.dir/usr/share/pico-sdk/src/rp2_common/pico_float/float_init_rom.c.obj
                0x100046c4                __aeabi_float_init
 .text.float_table_shim_on_use_helper
                0x10004728       0x2c CMakeFiles/kms.dir/usr/share/pico-sdk/src/rp2_common/pico_float/float_v1_rom_shim.S.obj
                0x10004728                float_table_shim_on_use_helper
 .text.__wrap_malloc
                0x10004754       0x24 CMakeFiles/kms.dir/usr/share/pico-sdk/src/rp2_common/pico_malloc/pico_malloc.c.obj
                0x10004754                __wrap_malloc
 .text.__wrap_realloc
                0x10004778       0x24 CMakeFiles/kms.dir/usr/share/pico-sdk/src/rp2_common/pico_malloc/pico_malloc.c.obj
                0x10004778                __wrap_realloc
 .text.__wrap_free
                0x1000479c        0x8 CMakeFiles/kms.dir/usr/share/pico-sdk/src/rp2_common/pico_malloc/pico_malloc.c.obj
                0x1000479c                __wrap_free
 .text          0x100047a4       0x10 CMakeFiles/kms.dir/usr/share/pico-sdk/src/rp2_common/pico_mem_ops/mem_ops_aeabi.S.obj
                0x100047a4                __aeabi_mem_init
 .text.memset   0x100047b4        0xc CMakeFiles/kms.dir/usr/share/pico-sdk/src/rp2_common/pico_mem_ops/mem_ops_aeabi.S.obj
                0x100047b4                __wrap_memset
 .text.memcpy   0x100047c0        0xc CMakeFiles/kms.dir/usr/share/pico-sdk/src/rp2_common/pico_mem_ops/mem_ops_aeabi.S.obj
                0x100047c0                __wrap___aeabi_memcpy
                0x100047c0                __wrap_memcpy
 .text.stdio_out_chars_crlf
                0x100047cc       0x94 CMakeFiles/kms.dir/usr/share/pico-sdk/src/rp2_common/pico_stdio/stdio.c.obj
 .text.stdio_buffered_printer
                0x10004860       0x64 CMakeFiles/kms.dir/usr/share/pico-sdk/src/rp2_common/pico_stdio/stdio.c.obj
 .text.__wrap_putchar
                0x100048c4       0x98 CMakeFiles/kms.dir/usr/share/pico-sdk/src/rp2_common/pico_stdio/stdio.c.obj
                0x100048c4                __wrap_putchar
 .text.__wrap_puts
                0x1000495c       0xe0 CMakeFiles/kms.dir/usr/share/pico-sdk/src/rp2_common/pico_stdio/stdio.c.obj
                0x1000495c                __wrap_puts
 .text._read    0x10004a3c       0x94 CMakeFiles/kms.dir/usr/share/pico-sdk/src/rp2_common/pico_stdio/stdio.c.obj
                0x10004a3c                _read
 .text._write   0x10004ad0       0xb4 CMakeFiles/kms.dir/usr/share/pico-sdk/src/rp2_common/pico_stdio/stdio.c.obj
                0x10004ad0                _write
 .text._close   0x10004b84        0x8 CMakeFiles/kms.dir/usr/share/pico-sdk/src/rp2_common/pico_stdio/stdio.c.obj
                0x10004b84                _close
 .text._lseek   0x10004b8c        0x8 CMakeFiles/kms.dir/usr/share/pico-sdk/src/rp2_common/pico_stdio/stdio.c.obj
                0x10004b8c                _lseek
 .text._fstat   0x10004b94        0x8 CMakeFiles/kms.dir/usr/share/pico-sdk/src/rp2_common/pico_stdio/stdio.c.obj
                0x10004b94                _fstat
 .text._isatty  0x10004b9c        0xc CMakeFiles/kms.dir/usr/share/pico-sdk/src/rp2_common/pico_stdio/stdio.c.obj
                0x10004b9c                _isatty
 .text.stdio_set_driver_enabled
                0x10004ba8       0x30 CMakeFiles/kms.dir/usr/share/pico-sdk/src/rp2_common/pico_stdio/stdio.c.obj
                0x10004ba8                stdio_set_driver_enabled
 .text.__wrap_vprintf
                0x10004bd8       0xd4 CMakeFiles/kms.dir/usr/share/pico-sdk/src/rp2_common/pico_stdio/stdio.c.obj
                0x10004bd8                __wrap_vprintf
 .text.__wrap_printf
                0x10004cac       0x18 CMakeFiles/kms.dir/usr/share/pico-sdk/src/rp2_common/pico_stdio/stdio.c.obj
                0x10004cac                __wrap_printf
 .text.stdio_init_all
                0x10004cc4        0x8 CMakeFiles/kms.dir/usr/share/pico-sdk/src/rp2_common/pico_stdio/stdio.c.obj
                0x10004cc4                stdio_init_all
 .text.__wrap_getchar
                0x10004ccc       0x7c CMakeFiles/kms.dir/usr/share/pico-sdk/src/rp2_common/pico_stdio/stdio.c.obj
                0x10004ccc                __wrap_getchar
 .text.resetd_init
                0x10004d48        0x4 CMakeFiles/kms.dir/usr/share/pico-sdk/src/rp2_common/pico_stdio_usb/reset_interface.c.obj
 .text.resetd_reset
                0x10004d4c        0xc CMakeFiles/kms.dir/usr/share/pico-sdk/src/rp2_common/pico_stdio_usb/reset_interface.c.obj
 .text.resetd_open
                0x10004d58       0x28 CMakeFiles/kms.dir/usr/share/pico-sdk/src/rp2_common/pico_stdio_usb/reset_interface.c.obj
 .text.resetd_xfer_cb
                0x10004d80        0x4 CMakeFiles/kms.dir/usr/share/pico-sdk/src/rp2_common/pico_stdio_usb/reset_interface.c.obj
 .text.resetd_control_xfer_cb
                0x10004d84       0x60 CMakeFiles/kms.dir/usr/share/pico-sdk/src/rp2_common/pico_stdio_usb/reset_interface.c.obj
 .text.usbd_app_driver_get_cb
                0x10004de4        0xc CMakeFiles/kms.dir/usr/share/pico-sdk/src/rp2_common/pico_stdio_usb/reset_interface.c.obj
                0x10004de4                usbd_app_driver_get_cb
 .text.tud_cdc_line_coding_cb
                0x10004df0       0x34 CMakeFiles/kms.dir/usr/share/pico-sdk/src/rp2_common/pico_stdio_usb/reset_interface.c.obj
                0x10004df0                tud_cdc_line_coding_cb
 .text.stdio_usb_set_chars_available_callback
                0x10004e24       0x14 CMakeFiles/kms.dir/usr/share/pico-sdk/src/rp2_common/pico_stdio_usb/stdio_usb.c.obj
                0x10004e24                stdio_usb_set_chars_available_callback
 .text.usb_irq  0x10004e38       0x10 CMakeFiles/kms.dir/usr/share/pico-sdk/src/rp2_common/pico_stdio_usb/stdio_usb.c.obj
 .text.timer_task
                0x10004e48       0x54 CMakeFiles/kms.dir/usr/share/pico-sdk/src/rp2_common/pico_stdio_usb/stdio_usb.c.obj
 .text.stdio_usb_in_chars
                0x10004e9c       0x90 CMakeFiles/kms.dir/usr/share/pico-sdk/src/rp2_common/pico_stdio_usb/stdio_usb.c.obj
                0x10004e9c                stdio_usb_in_chars
 .text.stdio_usb_out_chars
                0x10004f2c      0x104 CMakeFiles/kms.dir/usr/share/pico-sdk/src/rp2_common/pico_stdio_usb/stdio_usb.c.obj
 .text.low_priority_worker_irq
                0x10005030       0xa8 CMakeFiles/kms.dir/usr/share/pico-sdk/src/rp2_common/pico_stdio_usb/stdio_usb.c.obj
 .text.tud_cdc_rx_cb
                0x100050d8       0x20 CMakeFiles/kms.dir/usr/share/pico-sdk/src/rp2_common/pico_stdio_usb/stdio_usb.c.obj
                0x100050d8                tud_cdc_rx_cb
 .text.stdio_usb_init
                0x100050f8       0xe0 CMakeFiles/kms.dir/usr/share/pico-sdk/src/rp2_common/pico_stdio_usb/stdio_usb.c.obj
                0x100050f8                stdio_usb_init
 .text.tud_descriptor_device_cb
                0x100051d8        0x8 CMakeFiles/kms.dir/usr/share/pico-sdk/src/rp2_common/pico_stdio_usb/stdio_usb_descriptors.c.obj
                0x100051d8                tud_descriptor_device_cb
 .text.tud_descriptor_configuration_cb
                0x100051e0        0x8 CMakeFiles/kms.dir/usr/share/pico-sdk/src/rp2_common/pico_stdio_usb/stdio_usb_descriptors.c.obj
                0x100051e0                tud_descriptor_configuration_cb
 .text.tud_descriptor_string_cb
                0x100051e8       0x78 CMakeFiles/kms.dir/usr/share/pico-sdk/src/rp2_common/pico_stdio_usb/stdio_usb_descriptors.c.obj
                0x100051e8                tud_descriptor_string_cb
 .text.startup._retrieve_unique_id_on_boot
                0x10005260       0x10 CMakeFiles/kms.dir/usr/share/pico-sdk/src/rp2_common/pico_unique_id/unique_id.c.obj
 .text.pico_get_unique_board_id_string
                0x10005270      0x1a8 CMakeFiles/kms.dir/usr/share/pico-sdk/src/rp2_common/pico_unique_id/unique_id.c.obj
                0x10005270                pico_get_unique_board_id_string
 .text.flash_get_unique_id
                0x10005418       0x3c CMakeFiles/kms.dir/usr/share/pico-sdk/src/rp2_common/hardware_flash/flash.c.obj
                0x10005418                flash_get_unique_id
 .text.dcd_int_enable
                0x10005454        0xc CMakeFiles/kms.dir/usr/share/pico-sdk/lib/tinyusb/src/portable/raspberrypi/rp2040/dcd_rp2040.c.obj
                0x10005454                dcd_int_enable
 .text.dcd_set_address
                0x10005460       0x14 CMakeFiles/kms.dir/usr/share/pico-sdk/lib/tinyusb/src/portable/raspberrypi/rp2040/dcd_rp2040.c.obj
                0x10005460                dcd_set_address
 .text.dcd_connect
                0x10005474       0x10 CMakeFiles/kms.dir/usr/share/pico-sdk/lib/tinyusb/src/portable/raspberrypi/rp2040/dcd_rp2040.c.obj
                0x10005474                dcd_connect
 .text.dcd_init
                0x10005484       0x98 CMakeFiles/kms.dir/usr/share/pico-sdk/lib/tinyusb/src/portable/raspberrypi/rp2040/dcd_rp2040.c.obj
                0x10005484                dcd_init
 .text.dcd_edpt0_status_complete
                0x1000551c       0x1c CMakeFiles/kms.dir/usr/share/pico-sdk/lib/tinyusb/src/portable/raspberrypi/rp2040/dcd_rp2040.c.obj
                0x1000551c                dcd_edpt0_status_complete
 .text.dcd_edpt_open
                0x10005538      0x108 CMakeFiles/kms.dir/usr/share/pico-sdk/lib/tinyusb/src/portable/raspberrypi/rp2040/dcd_rp2040.c.obj
                0x10005538                dcd_edpt_open
 .text.dcd_edpt_close_all
                0x10005640        0x8 CMakeFiles/kms.dir/usr/share/pico-sdk/lib/tinyusb/src/portable/raspberrypi/rp2040/dcd_rp2040.c.obj
                0x10005640                dcd_edpt_close_all
 .text.dcd_edpt_xfer
                0x10005648       0x24 CMakeFiles/kms.dir/usr/share/pico-sdk/lib/tinyusb/src/portable/raspberrypi/rp2040/dcd_rp2040.c.obj
                0x10005648                dcd_edpt_xfer
 .text.dcd_edpt_stall
                0x1000566c       0x34 CMakeFiles/kms.dir/usr/share/pico-sdk/lib/tinyusb/src/portable/raspberrypi/rp2040/dcd_rp2040.c.obj
                0x1000566c                dcd_edpt_stall
 .text.dcd_edpt_clear_stall
                0x100056a0       0x30 CMakeFiles/kms.dir/usr/share/pico-sdk/lib/tinyusb/src/portable/raspberrypi/rp2040/dcd_rp2040.c.obj
                0x100056a0                dcd_edpt_clear_stall
 .text.rp2040_usb_init
                0x100056d0       0x4c CMakeFiles/kms.dir/usr/share/pico-sdk/lib/tinyusb/src/portable/raspberrypi/rp2040/rp2040_usb.c.obj
                0x100056d0                rp2040_usb_init
 .text.hw_endpoint_xfer_start
                0x1000571c       0x40 CMakeFiles/kms.dir/usr/share/pico-sdk/lib/tinyusb/src/portable/raspberrypi/rp2040/rp2040_usb.c.obj
                0x1000571c                hw_endpoint_xfer_start
 .text.tud_mounted
                0x1000575c       0x10 CMakeFiles/kms.dir/usr/share/pico-sdk/lib/tinyusb/src/device/usbd.c.obj
                0x1000575c                tud_mounted
 .text.tud_suspended
                0x1000576c       0x10 CMakeFiles/kms.dir/usr/share/pico-sdk/lib/tinyusb/src/device/usbd.c.obj
                0x1000576c                tud_suspended
 .text.tud_inited
                0x1000577c       0x14 CMakeFiles/kms.dir/usr/share/pico-sdk/lib/tinyusb/src/device/usbd.c.obj
                0x1000577c                tud_inited
 .text.tud_init
                0x10005790       0xdc CMakeFiles/kms.dir/usr/share/pico-sdk/lib/tinyusb/src/device/usbd.c.obj
                0x10005790                tud_init
 .text.tud_task_ext
                0x1000586c      0x850 CMakeFiles/kms.dir/usr/share/pico-sdk/lib/tinyusb/src/device/usbd.c.obj
                0x1000586c                tud_task_ext
 .text.usbd_open_edpt_pair
                0x100060bc       0x9c CMakeFiles/kms.dir/usr/share/pico-sdk/lib/tinyusb/src/device/usbd.c.obj
                0x100060bc                usbd_open_edpt_pair
 .text.usbd_defer_func
                0x10006158       0x48 CMakeFiles/kms.dir/usr/share/pico-sdk/lib/tinyusb/src/device/usbd.c.obj
                0x10006158                usbd_defer_func
 .text.usbd_edpt_open
                0x100061a0       0x34 CMakeFiles/kms.dir/usr/share/pico-sdk/lib/tinyusb/src/device/usbd.c.obj
                0x100061a0                usbd_edpt_open
 .text.usbd_edpt_claim
                0x100061d4       0x28 CMakeFiles/kms.dir/usr/share/pico-sdk/lib/tinyusb/src/device/usbd.c.obj
                0x100061d4                usbd_edpt_claim
 .text.usbd_edpt_release
                0x100061fc       0x28 CMakeFiles/kms.dir/usr/share/pico-sdk/lib/tinyusb/src/device/usbd.c.obj
                0x100061fc                usbd_edpt_release
 .text.usbd_edpt_xfer
                0x10006224       0x4c CMakeFiles/kms.dir/usr/share/pico-sdk/lib/tinyusb/src/device/usbd.c.obj
                0x10006224                usbd_edpt_xfer
 .text.tud_control_status
                0x10006270       0x2c CMakeFiles/kms.dir/usr/share/pico-sdk/lib/tinyusb/src/device/usbd_control.c.obj
                0x10006270                tud_control_status
 .text.tud_control_xfer
                0x1000629c       0xac CMakeFiles/kms.dir/usr/share/pico-sdk/lib/tinyusb/src/device/usbd_control.c.obj
                0x1000629c                tud_control_xfer
 .text.usbd_control_reset
                0x10006348       0x14 CMakeFiles/kms.dir/usr/share/pico-sdk/lib/tinyusb/src/device/usbd_control.c.obj
                0x10006348                usbd_control_reset
 .text.usbd_control_set_complete_callback
                0x1000635c        0xc CMakeFiles/kms.dir/usr/share/pico-sdk/lib/tinyusb/src/device/usbd_control.c.obj
                0x1000635c                usbd_control_set_complete_callback
 .text.usbd_control_set_request
                0x10006368       0x1c CMakeFiles/kms.dir/usr/share/pico-sdk/lib/tinyusb/src/device/usbd_control.c.obj
                0x10006368                usbd_control_set_request
 .text.usbd_control_xfer_cb
                0x10006384       0xf4 CMakeFiles/kms.dir/usr/share/pico-sdk/lib/tinyusb/src/device/usbd_control.c.obj
                0x10006384                usbd_control_xfer_cb
 .text.tud_cdc_n_connected
                0x10006478       0x30 CMakeFiles/kms.dir/usr/share/pico-sdk/lib/tinyusb/src/class/cdc/cdc_device.c.obj
                0x10006478                tud_cdc_n_connected
 .text.tud_cdc_n_available
                0x100064a8       0x18 CMakeFiles/kms.dir/usr/share/pico-sdk/lib/tinyusb/src/class/cdc/cdc_device.c.obj
                0x100064a8                tud_cdc_n_available
 .text.tud_cdc_n_read
                0x100064c0       0x70 CMakeFiles/kms.dir/usr/share/pico-sdk/lib/tinyusb/src/class/cdc/cdc_device.c.obj
                0x100064c0                tud_cdc_n_read
 .text.tud_cdc_n_write_flush
                0x10006530       0x78 CMakeFiles/kms.dir/usr/share/pico-sdk/lib/tinyusb/src/class/cdc/cdc_device.c.obj
                0x10006530                tud_cdc_n_write_flush
 .text.tud_cdc_n_write
                0x100065a8       0x34 CMakeFiles/kms.dir/usr/share/pico-sdk/lib/tinyusb/src/class/cdc/cdc_device.c.obj
                0x100065a8                tud_cdc_n_write
 .text.tud_cdc_n_write_available
                0x100065dc       0x18 CMakeFiles/kms.dir/usr/share/pico-sdk/lib/tinyusb/src/class/cdc/cdc_device.c.obj
                0x100065dc                tud_cdc_n_write_available
 .text.cdcd_init
                0x100065f4       0x7c CMakeFiles/kms.dir/usr/share/pico-sdk/lib/tinyusb/src/class/cdc/cdc_device.c.obj
                0x100065f4                cdcd_init
 .text.cdcd_reset
                0x10006670       0x2c CMakeFiles/kms.dir/usr/share/pico-sdk/lib/tinyusb/src/class/cdc/cdc_device.c.obj
                0x10006670                cdcd_reset
 .text.cdcd_open
                0x1000669c       0xe4 CMakeFiles/kms.dir/usr/share/pico-sdk/lib/tinyusb/src/class/cdc/cdc_device.c.obj
                0x1000669c                cdcd_open
 .text.cdcd_control_xfer_cb
                0x10006780       0xe4 CMakeFiles/kms.dir/usr/share/pico-sdk/lib/tinyusb/src/class/cdc/cdc_device.c.obj
                0x10006780                cdcd_control_xfer_cb
 .text.cdcd_xfer_cb
                0x10006864      0x13c CMakeFiles/kms.dir/usr/share/pico-sdk/lib/tinyusb/src/class/cdc/cdc_device.c.obj
                0x10006864                cdcd_xfer_cb
 .text.tusb_init
                0x100069a0        0xc CMakeFiles/kms.dir/usr/share/pico-sdk/lib/tinyusb/src/tusb.c.obj
                0x100069a0                tusb_init
 .text.tusb_inited
                0x100069ac        0x8 CMakeFiles/kms.dir/usr/share/pico-sdk/lib/tinyusb/src/tusb.c.obj
                0x100069ac                tusb_inited
 .text.tu_edpt_claim
                0x100069b4       0x50 CMakeFiles/kms.dir/usr/share/pico-sdk/lib/tinyusb/src/tusb.c.obj
                0x100069b4                tu_edpt_claim
 .text.tu_edpt_release
                0x10006a04       0x38 CMakeFiles/kms.dir/usr/share/pico-sdk/lib/tinyusb/src/tusb.c.obj
                0x10006a04                tu_edpt_release
 .text.tu_edpt_validate
                0x10006a3c       0x7c CMakeFiles/kms.dir/usr/share/pico-sdk/lib/tinyusb/src/tusb.c.obj
                0x10006a3c                tu_edpt_validate
 .text.tu_edpt_bind_driver
                0x10006ab8       0x34 CMakeFiles/kms.dir/usr/share/pico-sdk/lib/tinyusb/src/tusb.c.obj
                0x10006ab8                tu_edpt_bind_driver
 .text.tu_fifo_config
                0x10006aec       0x6c CMakeFiles/kms.dir/usr/share/pico-sdk/lib/tinyusb/src/common/tusb_fifo.c.obj
                0x10006aec                tu_fifo_config
 .text.tu_fifo_count
                0x10006b58       0x2c CMakeFiles/kms.dir/usr/share/pico-sdk/lib/tinyusb/src/common/tusb_fifo.c.obj
                0x10006b58                tu_fifo_count
 .text.tu_fifo_empty
                0x10006b84       0x10 CMakeFiles/kms.dir/usr/share/pico-sdk/lib/tinyusb/src/common/tusb_fifo.c.obj
                0x10006b84                tu_fifo_empty
 .text.tu_fifo_remaining
                0x10006b94       0x2c CMakeFiles/kms.dir/usr/share/pico-sdk/lib/tinyusb/src/common/tusb_fifo.c.obj
                0x10006b94                tu_fifo_remaining
 .text.tu_fifo_read
                0x10006bc0       0x9c CMakeFiles/kms.dir/usr/share/pico-sdk/lib/tinyusb/src/common/tusb_fifo.c.obj
                0x10006bc0                tu_fifo_read
 .text.tu_fifo_read_n
                0x10006c5c       0xe8 CMakeFiles/kms.dir/usr/share/pico-sdk/lib/tinyusb/src/common/tusb_fifo.c.obj
                0x10006c5c                tu_fifo_read_n
 .text.tu_fifo_write
                0x10006d44       0xa8 CMakeFiles/kms.dir/usr/share/pico-sdk/lib/tinyusb/src/common/tusb_fifo.c.obj
                0x10006d44                tu_fifo_write
 .text.tu_fifo_write_n
                0x10006dec      0x178 CMakeFiles/kms.dir/usr/share/pico-sdk/lib/tinyusb/src/common/tusb_fifo.c.obj
                0x10006dec                tu_fifo_write_n
 .text.tu_fifo_clear
                0x10006f64       0x40 CMakeFiles/kms.dir/usr/share/pico-sdk/lib/tinyusb/src/common/tusb_fifo.c.obj
                0x10006f64                tu_fifo_clear
 .text.tu_fifo_set_overwritable
                0x10006fa4       0x48 CMakeFiles/kms.dir/usr/share/pico-sdk/lib/tinyusb/src/common/tusb_fifo.c.obj
                0x10006fa4                tu_fifo_set_overwritable
 .text.atexit   0x10006fec       0x10 /usr/lib/gcc/arm-none-eabi/13.2.0/../../../../arm-none-eabi/lib/thumb/v6-m/nofp/libc.a(libc_a-atexit.o)
                0x10006fec                atexit
 .text._calloc_r
                0x10006ffc       0xa8 /usr/lib/gcc/arm-none-eabi/13.2.0/../../../../arm-none-eabi/lib/thumb/v6-m/nofp/libc.a(libc_a-callocr.o)
                0x10006ffc                _calloc_r
 .text.malloc   0x100070a4       0x14 /usr/lib/gcc/arm-none-eabi/13.2.0/../../../../arm-none-eabi/lib/thumb/v6-m/nofp/libc.a(libc_a-malloc.o)
                0x100070a4                malloc
 .text.free     0x100070b8       0x14 /usr/lib/gcc/arm-none-eabi/13.2.0/../../../../arm-none-eabi/lib/thumb/v6-m/nofp/libc.a(libc_a-malloc.o)
                0x100070b8                free
 .text._malloc_r
                0x100070cc      0x5c4 /usr/lib/gcc/arm-none-eabi/13.2.0/../../../../arm-none-eabi/lib/thumb/v6-m/nofp/libc.a(libc_a-mallocr.o)
                0x100070cc                _malloc_r
 .text.__malloc_lock
                0x10007690       0x10 /usr/lib/gcc/arm-none-eabi/13.2.0/../../../../arm-none-eabi/lib/thumb/v6-m/nofp/libc.a(libc_a-mlock.o)
                0x10007690                __malloc_lock
 .text.__malloc_unlock
                0x100076a0       0x10 /usr/lib/gcc/arm-none-eabi/13.2.0/../../../../arm-none-eabi/lib/thumb/v6-m/nofp/libc.a(libc_a-mlock.o)
                0x100076a0                __malloc_unlock
 .text.realloc  0x100076b0       0x18 /usr/lib/gcc/arm-none-eabi/13.2.0/../../../../arm-none-eabi/lib/thumb/v6-m/nofp/libc.a(libc_a-realloc.o)
                0x100076b0                realloc
 .text._realloc_r
                0x100076c8      0x350 /usr/lib/gcc/arm-none-eabi/13.2.0/../../../../arm-none-eabi/lib/thumb/v6-m/nofp/libc.a(libc_a-reallocr.o)
                0x100076c8                _realloc_r
 .text.scanf    0x10007a18       0x24 /usr/lib/gcc/arm-none-eabi/13.2.0/../../../../arm-none-eabi/lib/thumb/v6-m/nofp/libc.a(libc_a-scanf.o)
                0x10007a18                scanf
 .text.memmove  0x10007a3c       0xb0 /usr/lib/gcc/arm-none-eabi/13.2.0/../../../../arm-none-eabi/lib/thumb/v6-m/nofp/libc.a(libc_a-memmove.o)
                0x10007a3c                memmove
 .text._sbrk_r  0x10007aec       0x24 /usr/lib/gcc/arm-none-eabi/13.2.0/../../../../arm-none-eabi/lib/thumb/v6-m/nofp/libc.a(libc_a-sbrkr.o)
                0x10007aec                _sbrk_r
 .text.__errno  0x10007b10        0xc /usr/lib/gcc/arm-none-eabi/13.2.0/../../../../arm-none-eabi/lib/thumb/v6-m/nofp/libc.a(libc_a-errno.o)
                0x10007b10                __errno
 .text.__libc_fini_array
                0x10007b1c       0x28 /usr/lib/gcc/arm-none-eabi/13.2.0/../../../../arm-none-eabi/lib/thumb/v6-m/nofp/libc.a(libc_a-fini.o)
                0x10007b1c                __libc_fini_array
 .text.__retarget_lock_init_recursive
                0x10007b44        0x4 /usr/lib/gcc/arm-none-eabi/13.2.0/../../../../arm-none-eabi/lib/thumb/v6-m/nofp/libc.a(libc_a-lock.o)
                0x10007b44                __retarget_lock_init_recursive
 .text.__retarget_lock_close_recursive
                0x10007b48        0x4 /usr/lib/gcc/arm-none-eabi/13.2.0/../../../../arm-none-eabi/lib/thumb/v6-m/nofp/libc.a(libc_a-lock.o)
                0x10007b48                __retarget_lock_close_recursive
 .text.__retarget_lock_acquire_recursive
                0x10007b4c        0x4 /usr/lib/gcc/arm-none-eabi/13.2.0/../../../../arm-none-eabi/lib/thumb/v6-m/nofp/libc.a(libc_a-lock.o)
                0x10007b4c                __retarget_lock_acquire_recursive
 .text.__retarget_lock_release_recursive
                0x10007b50        0x4 /usr/lib/gcc/arm-none-eabi/13.2.0/../../../../arm-none-eabi/lib/thumb/v6-m/nofp/libc.a(libc_a-lock.o)
                0x10007b50                __retarget_lock_release_recursive
 .text.sysconf  0x10007b54       0x1c /usr/lib/gcc/arm-none-eabi/13.2.0/../../../../arm-none-eabi/lib/thumb/v6-m/nofp/libc.a(libc_a-sysconf.o)
                0x10007b54                sysconf
 .text.strlen   0x10007b70       0x5c /usr/lib/gcc/arm-none-eabi/13.2.0/../../../../arm-none-eabi/lib/thumb/v6-m/nofp/libc.a(libc_a-strlen-stub.o)
                0x10007b70                strlen
 .text.__register_exitproc
                0x10007bcc       0xa8 /usr/lib/gcc/arm-none-eabi/13.2.0/../../../../arm-none-eabi/lib/thumb/v6-m/nofp/libc.a(libc_a-__atexit.o)
                0x10007bcc                __register_exitproc
 .text.startup.register_fini
                0x10007c74       0x18 /usr/lib/gcc/arm-none-eabi/13.2.0/../../../../arm-none-eabi/lib/thumb/v6-m/nofp/libc.a(libc_a-__call_atexit.o)
 .text._malloc_trim_r
                0x10007c8c       0xb4 /usr/lib/gcc/arm-none-eabi/13.2.0/../../../../arm-none-eabi/lib/thumb/v6-m/nofp/libc.a(libc_a-freer.o)
                0x10007c8c                _malloc_trim_r
 .text._free_r  0x10007d40      0x1d4 /usr/lib/gcc/arm-none-eabi/13.2.0/../../../../arm-none-eabi/lib/thumb/v6-m/nofp/libc.a(libc_a-freer.o)
                0x10007d40                _free_r
 .text.__svfscanf_r
                0x10007f14     0x1778 /usr/lib/gcc/arm-none-eabi/13.2.0/../../../../arm-none-eabi/lib/thumb/v6-m/nofp/libc.a(libc_a-vfscanf.o)
                0x10007f14                __svfscanf_r
 .text._vfscanf_r
                0x1000968c       0x28 /usr/lib/gcc/arm-none-eabi/13.2.0/../../../../arm-none-eabi/lib/thumb/v6-m/nofp/libc.a(libc_a-vfscanf.o)
                0x1000968c                _vfscanf_r
 .text.stdio_exit_handler
                0x100096b4       0x1c /usr/lib/gcc/arm-none-eabi/13.2.0/../../../../arm-none-eabi/lib/thumb/v6-m/nofp/libc.a(libc_a-findfp.o)
 .text.cleanup_stdio
                0x100096d0       0x3c /usr/lib/gcc/arm-none-eabi/13.2.0/../../../../arm-none-eabi/lib/thumb/v6-m/nofp/libc.a(libc_a-findfp.o)
 .text.global_stdio_init.part.0
                0x1000970c      0x118 /usr/lib/gcc/arm-none-eabi/13.2.0/../../../../arm-none-eabi/lib/thumb/v6-m/nofp/libc.a(libc_a-findfp.o)
 .text.__sinit  0x10009824       0x38 /usr/lib/gcc/arm-none-eabi/13.2.0/../../../../arm-none-eabi/lib/thumb/v6-m/nofp/libc.a(libc_a-findfp.o)
                0x10009824                __sinit
 .text.__sfp_lock_acquire
                0x1000985c       0x10 /usr/lib/gcc/arm-none-eabi/13.2.0/../../../../arm-none-eabi/lib/thumb/v6-m/nofp/libc.a(libc_a-findfp.o)
                0x1000985c                __sfp_lock_acquire
 .text.__sfp_lock_release
                0x1000986c       0x10 /usr/lib/gcc/arm-none-eabi/13.2.0/../../../../arm-none-eabi/lib/thumb/v6-m/nofp/libc.a(libc_a-findfp.o)
                0x1000986c                __sfp_lock_release
 .text._fread_r
                0x1000987c      0x1e4 /usr/lib/gcc/arm-none-eabi/13.2.0/../../../../arm-none-eabi/lib/thumb/v6-m/nofp/libc.a(libc_a-fread.o)
                0x1000987c                _fread_r
 .text._fwalk_sglue
                0x10009a60       0x44 /usr/lib/gcc/arm-none-eabi/13.2.0/../../../../arm-none-eabi/lib/thumb/v6-m/nofp/libc.a(libc_a-fwalk.o)
                0x10009a60                _fwalk_sglue
 .text.lflush   0x10009aa4       0x20 /usr/lib/gcc/arm-none-eabi/13.2.0/../../../../arm-none-eabi/lib/thumb/v6-m/nofp/libc.a(libc_a-refill.o)
 .text.__srefill_r
                0x10009ac4      0x100 /usr/lib/gcc/arm-none-eabi/13.2.0/../../../../arm-none-eabi/lib/thumb/v6-m/nofp/libc.a(libc_a-refill.o)
                0x10009ac4                __srefill_r
 .text.__sccl   0x10009bc4       0x80 /usr/lib/gcc/arm-none-eabi/13.2.0/../../../../arm-none-eabi/lib/thumb/v6-m/nofp/libc.a(libc_a-sccl.o)
                0x10009bc4                __sccl
 .text.__sread  0x10009c44       0x28 /usr/lib/gcc/arm-none-eabi/13.2.0/../../../../arm-none-eabi/lib/thumb/v6-m/nofp/libc.a(libc_a-stdio.o)
                0x10009c44                __sread
 .text.__swrite
                0x10009c6c       0x40 /usr/lib/gcc/arm-none-eabi/13.2.0/../../../../arm-none-eabi/lib/thumb/v6-m/nofp/libc.a(libc_a-stdio.o)
                0x10009c6c                __swrite
 .text.__sseek  0x10009cac       0x30 /usr/lib/gcc/arm-none-eabi/13.2.0/../../../../arm-none-eabi/lib/thumb/v6-m/nofp/libc.a(libc_a-stdio.o)
                0x10009cac                __sseek
 .text.__sclose
                0x10009cdc        0xc /usr/lib/gcc/arm-none-eabi/13.2.0/../../../../arm-none-eabi/lib/thumb/v6-m/nofp/libc.a(libc_a-stdio.o)
                0x10009cdc                __sclose
 .text.__submore
                0x10009ce8       0x84 /usr/lib/gcc/arm-none-eabi/13.2.0/../../../../arm-none-eabi/lib/thumb/v6-m/nofp/libc.a(libc_a-ungetc.o)
                0x10009ce8                __submore
 .text._ungetc_r
                0x10009d6c      0x134 /usr/lib/gcc/arm-none-eabi/13.2.0/../../../../arm-none-eabi/lib/thumb/v6-m/nofp/libc.a(libc_a-ungetc.o)
                0x10009d6c                _ungetc_r
 .text.__locale_mb_cur_max
                0x10009ea0       0x10 /usr/lib/gcc/arm-none-eabi/13.2.0/../../../../arm-none-eabi/lib/thumb/v6-m/nofp/libc.a(libc_a-locale.o)
                0x10009ea0                __locale_mb_cur_max
 .text._localeconv_r
                0x10009eb0        0x8 /usr/lib/gcc/arm-none-eabi/13.2.0/../../../../arm-none-eabi/lib/thumb/v6-m/nofp/libc.a(libc_a-localeconv.o)
                0x10009eb0                _localeconv_r
 .text._close_r
                0x10009eb8       0x24 /usr/lib/gcc/arm-none-eabi/13.2.0/../../../../arm-none-eabi/lib/thumb/v6-m/nofp/libc.a(libc_a-closer.o)
                0x10009eb8                _close_r
 .text._lseek_r
                0x10009edc       0x28 /usr/lib/gcc/arm-none-eabi/13.2.0/../../../../arm-none-eabi/lib/thumb/v6-m/nofp/libc.a(libc_a-lseekr.o)
                0x10009edc                _lseek_r
 .text._read_r  0x10009f04       0x28 /usr/lib/gcc/arm-none-eabi/13.2.0/../../../../arm-none-eabi/lib/thumb/v6-m/nofp/libc.a(libc_a-readr.o)
                0x10009f04                _read_r
 .text._write_r
                0x10009f2c       0x28 /usr/lib/gcc/arm-none-eabi/13.2.0/../../../../arm-none-eabi/lib/thumb/v6-m/nofp/libc.a(libc_a-writer.o)
                0x10009f2c                _write_r
 .text.nanf     0x10009f54        0x8 /usr/lib/gcc/arm-none-eabi/13.2.0/../../../../arm-none-eabi/lib/thumb/v6-m/nofp/libc.a(libm_a-sf_nan.o)
                0x10009f54                nanf
 .text.__ascii_mbtowc
                0x10009f5c       0x2c /usr/lib/gcc/arm-none-eabi/13.2.0/../../../../arm-none-eabi/lib/thumb/v6-m/nofp/libc.a(libc_a-mbtowc_r.o)
                0x10009f5c                __ascii_mbtowc
 .text.sulp     0x10009f88       0x30 /usr/lib/gcc/arm-none-eabi/13.2.0/../../../../arm-none-eabi/lib/thumb/v6-m/nofp/libc.a(libc_a-strtod.o)
 .text._strtod_l
                0x10009fb8      0xeb8 /usr/lib/gcc/arm-none-eabi/13.2.0/../../../../arm-none-eabi/lib/thumb/v6-m/nofp/libc.a(libc_a-strtod.o)
                0x10009fb8                _strtod_l
 .text._strtod_r
                0x1000ae70       0x10 /usr/lib/gcc/arm-none-eabi/13.2.0/../../../../arm-none-eabi/lib/thumb/v6-m/nofp/libc.a(libc_a-strtod.o)
                0x1000ae70                _strtod_r
 .text._strtol_l.isra.0
                0x1000ae80      0x158 /usr/lib/gcc/arm-none-eabi/13.2.0/../../../../arm-none-eabi/lib/thumb/v6-m/nofp/libc.a(libc_a-strtol.o)
 .text._strtol_r
                0x1000afd8        0x8 /usr/lib/gcc/arm-none-eabi/13.2.0/../../../../arm-none-eabi/lib/thumb/v6-m/nofp/libc.a(libc_a-strtol.o)
                0x1000afd8                _strtol_r
 .text._strtoul_l.isra.0
                0x1000afe0      0x144 /usr/lib/gcc/arm-none-eabi/13.2.0/../../../../arm-none-eabi/lib/thumb/v6-m/nofp/libc.a(libc_a-strtoul.o)
 .text._strtoul_r
                0x1000b124        0x8 /usr/lib/gcc/arm-none-eabi/13.2.0/../../../../arm-none-eabi/lib/thumb/v6-m/nofp/libc.a(libc_a-strtoul.o)
                0x1000b124                _strtoul_r
 .text.__ascii_wctomb
                0x1000b12c       0x1c /usr/lib/gcc/arm-none-eabi/13.2.0/../../../../arm-none-eabi/lib/thumb/v6-m/nofp/libc.a(libc_a-wctomb_r.o)
                0x1000b12c                __ascii_wctomb
 .text._strtoll_l.isra.0
                0x1000b148      0x1a0 /usr/lib/gcc/arm-none-eabi/13.2.0/../../../../arm-none-eabi/lib/thumb/v6-m/nofp/libc.a(libc_a-strtoll.o)
 .text._strtoll_r
                0x1000b2e8        0x8 /usr/lib/gcc/arm-none-eabi/13.2.0/../../../../arm-none-eabi/lib/thumb/v6-m/nofp/libc.a(libc_a-strtoll.o)
                0x1000b2e8                _strtoll_r
 .text._strtoull_l.isra.0
                0x1000b2f0      0x1c4 /usr/lib/gcc/arm-none-eabi/13.2.0/../../../../arm-none-eabi/lib/thumb/v6-m/nofp/libc.a(libc_a-strtoull.o)
 .text._strtoull_r
                0x1000b4b4        0x8 /usr/lib/gcc/arm-none-eabi/13.2.0/../../../../arm-none-eabi/lib/thumb/v6-m/nofp/libc.a(libc_a-strtoull.o)
                0x1000b4b4                _strtoull_r
 .text._mbrtowc_r
                0x1000b4bc       0x48 /usr/lib/gcc/arm-none-eabi/13.2.0/../../../../arm-none-eabi/lib/thumb/v6-m/nofp/libc.a(libc_a-mbrtowc.o)
                0x1000b4bc                _mbrtowc_r
 .text.iswspace
                0x1000b504        0xc /usr/lib/gcc/arm-none-eabi/13.2.0/../../../../arm-none-eabi/lib/thumb/v6-m/nofp/libc.a(libc_a-iswspace.o)
                0x1000b504                iswspace
 .text.iswspace_l
                0x1000b510       0x18 /usr/lib/gcc/arm-none-eabi/13.2.0/../../../../arm-none-eabi/lib/thumb/v6-m/nofp/libc.a(libc_a-iswspace_l.o)
                0x1000b510                iswspace_l
 .text._fclose_r
                0x1000b528       0xd0 /usr/lib/gcc/arm-none-eabi/13.2.0/../../../../arm-none-eabi/lib/thumb/v6-m/nofp/libc.a(libc_a-fclose.o)
                0x1000b528                _fclose_r
 .text.__sflush_r
                0x1000b5f8      0x148 /usr/lib/gcc/arm-none-eabi/13.2.0/../../../../arm-none-eabi/lib/thumb/v6-m/nofp/libc.a(libc_a-fflush.o)
                0x1000b5f8                __sflush_r
 .text._fflush_r
                0x1000b740       0x68 /usr/lib/gcc/arm-none-eabi/13.2.0/../../../../arm-none-eabi/lib/thumb/v6-m/nofp/libc.a(libc_a-fflush.o)
                0x1000b740                _fflush_r
 .text.__smakebuf_r
                0x1000b7a8       0xe0 /usr/lib/gcc/arm-none-eabi/13.2.0/../../../../arm-none-eabi/lib/thumb/v6-m/nofp/libc.a(libc_a-makebuf.o)
                0x1000b7a8                __smakebuf_r
 .text.strncmp  0x1000b888       0x74 /usr/lib/gcc/arm-none-eabi/13.2.0/../../../../arm-none-eabi/lib/thumb/v6-m/nofp/libc.a(libc_a-strncmp.o)
                0x1000b888                strncmp
 .text._fstat_r
                0x1000b8fc       0x28 /usr/lib/gcc/arm-none-eabi/13.2.0/../../../../arm-none-eabi/lib/thumb/v6-m/nofp/libc.a(libc_a-fstatr.o)
                0x1000b8fc                _fstat_r
 .text._isatty_r
                0x1000b924       0x24 /usr/lib/gcc/arm-none-eabi/13.2.0/../../../../arm-none-eabi/lib/thumb/v6-m/nofp/libc.a(libc_a-isattyr.o)
                0x1000b924                _isatty_r
 .text.nan      0x1000b948        0xc /usr/lib/gcc/arm-none-eabi/13.2.0/../../../../arm-none-eabi/lib/thumb/v6-m/nofp/libc.a(libm_a-s_nan.o)
                0x1000b948                nan
 .text.rshift   0x1000b954       0xb0 /usr/lib/gcc/arm-none-eabi/13.2.0/../../../../arm-none-eabi/lib/thumb/v6-m/nofp/libc.a(libc_a-gdtoa-gethex.o)
 .text.__gethex
                0x1000ba04      0x5a8 /usr/lib/gcc/arm-none-eabi/13.2.0/../../../../arm-none-eabi/lib/thumb/v6-m/nofp/libc.a(libc_a-gdtoa-gethex.o)
                0x1000ba04                __gethex
 .text.__match  0x1000bfac       0x2c /usr/lib/gcc/arm-none-eabi/13.2.0/../../../../arm-none-eabi/lib/thumb/v6-m/nofp/libc.a(libc_a-gdtoa-hexnan.o)
                0x1000bfac                __match
 .text.__hexnan
                0x1000bfd8      0x204 /usr/lib/gcc/arm-none-eabi/13.2.0/../../../../arm-none-eabi/lib/thumb/v6-m/nofp/libc.a(libc_a-gdtoa-hexnan.o)
                0x1000bfd8                __hexnan
 .text._Balloc  0x1000c1dc       0x50 /usr/lib/gcc/arm-none-eabi/13.2.0/../../../../arm-none-eabi/lib/thumb/v6-m/nofp/libc.a(libc_a-mprec.o)
                0x1000c1dc                _Balloc
 .text._Bfree   0x1000c22c       0x14 /usr/lib/gcc/arm-none-eabi/13.2.0/../../../../arm-none-eabi/lib/thumb/v6-m/nofp/libc.a(libc_a-mprec.o)
                0x1000c22c                _Bfree
 .text.__multadd
                0x1000c240       0xa8 /usr/lib/gcc/arm-none-eabi/13.2.0/../../../../arm-none-eabi/lib/thumb/v6-m/nofp/libc.a(libc_a-mprec.o)
                0x1000c240                __multadd
 .text.__s2b    0x1000c2e8       0xb0 /usr/lib/gcc/arm-none-eabi/13.2.0/../../../../arm-none-eabi/lib/thumb/v6-m/nofp/libc.a(libc_a-mprec.o)
                0x1000c2e8                __s2b
 .text.__hi0bits
                0x1000c398       0x4c /usr/lib/gcc/arm-none-eabi/13.2.0/../../../../arm-none-eabi/lib/thumb/v6-m/nofp/libc.a(libc_a-mprec.o)
                0x1000c398                __hi0bits
 .text.__lo0bits
                0x1000c3e4       0x5c /usr/lib/gcc/arm-none-eabi/13.2.0/../../../../arm-none-eabi/lib/thumb/v6-m/nofp/libc.a(libc_a-mprec.o)
                0x1000c3e4                __lo0bits
 .text.__i2b    0x1000c440       0x60 /usr/lib/gcc/arm-none-eabi/13.2.0/../../../../arm-none-eabi/lib/thumb/v6-m/nofp/libc.a(libc_a-mprec.o)
                0x1000c440                __i2b
 .text.__multiply
                0x1000c4a0      0x1ac /usr/lib/gcc/arm-none-eabi/13.2.0/../../../../arm-none-eabi/lib/thumb/v6-m/nofp/libc.a(libc_a-mprec.o)
                0x1000c4a0                __multiply
 .text.__pow5mult
                0x1000c64c       0xd0 /usr/lib/gcc/arm-none-eabi/13.2.0/../../../../arm-none-eabi/lib/thumb/v6-m/nofp/libc.a(libc_a-mprec.o)
                0x1000c64c                __pow5mult
 .text.__lshift
                0x1000c71c       0xfc /usr/lib/gcc/arm-none-eabi/13.2.0/../../../../arm-none-eabi/lib/thumb/v6-m/nofp/libc.a(libc_a-mprec.o)
                0x1000c71c                __lshift
 .text.__mcmp   0x1000c818       0x3c /usr/lib/gcc/arm-none-eabi/13.2.0/../../../../arm-none-eabi/lib/thumb/v6-m/nofp/libc.a(libc_a-mprec.o)
                0x1000c818                __mcmp
 .text.__mdiff  0x1000c854      0x1b4 /usr/lib/gcc/arm-none-eabi/13.2.0/../../../../arm-none-eabi/lib/thumb/v6-m/nofp/libc.a(libc_a-mprec.o)
                0x1000c854                __mdiff
 .text.__ulp    0x1000ca08       0x40 /usr/lib/gcc/arm-none-eabi/13.2.0/../../../../arm-none-eabi/lib/thumb/v6-m/nofp/libc.a(libc_a-mprec.o)
                0x1000ca08                __ulp
 .text.__b2d    0x1000ca48       0xb8 /usr/lib/gcc/arm-none-eabi/13.2.0/../../../../arm-none-eabi/lib/thumb/v6-m/nofp/libc.a(libc_a-mprec.o)
                0x1000ca48                __b2d
 .text.__d2b    0x1000cb00       0xcc /usr/lib/gcc/arm-none-eabi/13.2.0/../../../../arm-none-eabi/lib/thumb/v6-m/nofp/libc.a(libc_a-mprec.o)
                0x1000cb00                __d2b
 .text.__ratio  0x1000cbcc       0x68 /usr/lib/gcc/arm-none-eabi/13.2.0/../../../../arm-none-eabi/lib/thumb/v6-m/nofp/libc.a(libc_a-mprec.o)
                0x1000cbcc                __ratio
 .text.__copybits
                0x1000cc34       0x40 /usr/lib/gcc/arm-none-eabi/13.2.0/../../../../arm-none-eabi/lib/thumb/v6-m/nofp/libc.a(libc_a-mprec.o)
                0x1000cc34                __copybits
 .text.__any_on
                0x1000cc74       0x4c /usr/lib/gcc/arm-none-eabi/13.2.0/../../../../arm-none-eabi/lib/thumb/v6-m/nofp/libc.a(libc_a-mprec.o)
                0x1000cc74                __any_on
 *(.fini)
 .fini          0x1000ccc0        0x4 /usr/lib/gcc/arm-none-eabi/13.2.0/thumb/v6-m/nofp/crti.o
                0x1000ccc0                _fini
 *fill*         0x1000ccc4        0x4 
 .fini.__stub   0x1000ccc8       0xc0 linker stubs
 *crtbegin.o(.ctors)
 *crtbegin?.o(.ctors)
 *(EXCLUDE_FILE(*crtend.o *crtend?.o) .ctors)
 *(SORT_BY_NAME(.ctors.*))
 *(.ctors)
 *crtbegin.o(.dtors)
 *crtbegin?.o(.dtors)
 *(EXCLUDE_FILE(*crtend.o *crtend?.o) .dtors)
 *(SORT_BY_NAME(.dtors.*))
 *(.dtors)
 *(.eh_frame*)
 .eh_frame      0x1000cd88        0x0 /usr/lib/gcc/arm-none-eabi/13.2.0/thumb/v6-m/nofp/crtbegin.o
                0x1000cd88                        . = ALIGN (0x4)

.glue_7         0x1000cd88        0x0
 .glue_7        0x1000cd88        0x0 linker stubs

.glue_7t        0x1000cd88        0x0
 .glue_7t       0x1000cd88        0x0 linker stubs

.vfp11_veneer   0x1000cd88        0x0
 .vfp11_veneer  0x1000cd88        0x0 linker stubs

.v4_bx          0x1000cd88        0x0
 .v4_bx         0x1000cd88        0x0 linker stubs

.iplt           0x1000cd88        0x0
 .iplt          0x1000cd88        0x0 /usr/lib/gcc/arm-none-eabi/13.2.0/thumb/v6-m/nofp/crtbegin.o

.rodata         0x1000cd88      0xee0
 *(EXCLUDE_FILE(*libm.a: *libc.a:*lib_a-mem*.o *libgcc.a:) .rodata*)
 .rodata.setRes.str1.4
                0x1000cd88      0x34f CMakeFiles/kms.dir/kms.c.obj
                                 0x6d (size before relaxing)
 *fill*         0x1000d0d7        0x1 
 .rodata.setRes
                0x1000d0d8       0x18 CMakeFiles/kms.dir/kms.c.obj
 .rodata.setDir.str1.4
                0x1000d0f0       0x26 CMakeFiles/kms.dir/kms.c.obj
 .rodata.setRep.str1.4
                0x1000d0f0       0x10 CMakeFiles/kms.dir/kms.c.obj
 .rodata.main.str1.4
                0x1000d0f0       0x1d CMakeFiles/kms.dir/kms.c.obj
 .rodata.spin_lock_claim_unused.str1.4
                0x1000d0f0       0x1b CMakeFiles/kms.dir/usr/share/pico-sdk/src/rp2_common/hardware_sync/sync.c.obj
 .rodata.user_irq_claim_unused.str1.4
                0x1000d0f0       0x1b CMakeFiles/kms.dir/usr/share/pico-sdk/src/rp2_common/hardware_irq/irq.c.obj
 .rodata.at_the_end_of_time
                0x1000d0f0        0x8 CMakeFiles/kms.dir/usr/share/pico-sdk/src/common/pico_time/time.c.obj
                0x1000d0f0                at_the_end_of_time
 .rodata.hardware_alarm_claim.str1.4
                0x1000d0f8       0x22 CMakeFiles/kms.dir/usr/share/pico-sdk/src/rp2_common/hardware_timer/timer.c.obj
 .rodata.__assert_func.str1.4
                0x1000d0f8       0x43 CMakeFiles/kms.dir/usr/share/pico-sdk/src/rp2_common/pico_runtime/runtime.c.obj
 .rodata.panic.str1.4
                0x1000d0f8       0x12 CMakeFiles/kms.dir/usr/share/pico-sdk/src/rp2_common/pico_runtime/runtime.c.obj
 .rodata.hard_assertion_failure.str1.4
                0x1000d0f8        0xc CMakeFiles/kms.dir/usr/share/pico-sdk/src/rp2_common/pico_runtime/runtime.c.obj
 .rodata._ftoa.str1.4
                0x1000d0f8       0x15 CMakeFiles/kms.dir/usr/share/pico-sdk/src/rp2_common/pico_printf/printf.c.obj
 .rodata._vsnprintf
                0x1000d0f8      0x19c CMakeFiles/kms.dir/usr/share/pico-sdk/src/rp2_common/pico_printf/printf.c.obj
 *fill*         0x1000d294        0x4 
 .rodata.pow10.0
                0x1000d298       0x50 CMakeFiles/kms.dir/usr/share/pico-sdk/src/rp2_common/pico_printf/printf.c.obj
 .rodata.__wrap_malloc.str1.4
                0x1000d2e8        0xe CMakeFiles/kms.dir/usr/share/pico-sdk/src/rp2_common/pico_malloc/pico_malloc.c.obj
 .rodata.str1.4
                0x1000d2e8       0x38 CMakeFiles/kms.dir/usr/share/pico-sdk/src/rp2_common/pico_standard_link/binary_info.c.obj
 .rodata.__bi_81
                0x1000d2e8        0xc CMakeFiles/kms.dir/usr/share/pico-sdk/src/rp2_common/pico_standard_link/binary_info.c.obj
 .rodata.__bi_75
                0x1000d2f4        0xc CMakeFiles/kms.dir/usr/share/pico-sdk/src/rp2_common/pico_standard_link/binary_info.c.obj
 .rodata.__bi_44
                0x1000d300        0xc CMakeFiles/kms.dir/usr/share/pico-sdk/src/rp2_common/pico_standard_link/binary_info.c.obj
 .rodata.crlf_str.0
                0x1000d30c        0x2 CMakeFiles/kms.dir/usr/share/pico-sdk/src/rp2_common/pico_stdio/stdio.c.obj
 *fill*         0x1000d30e        0x2 
 .rodata._resetd_driver
                0x1000d310       0x18 CMakeFiles/kms.dir/usr/share/pico-sdk/src/rp2_common/pico_stdio_usb/reset_interface.c.obj
 .rodata.str1.4
                0x1000d328       0x13 CMakeFiles/kms.dir/usr/share/pico-sdk/src/rp2_common/pico_stdio_usb/stdio_usb.c.obj
 .rodata.__bi_182.0
                0x1000d328        0xc CMakeFiles/kms.dir/usr/share/pico-sdk/src/rp2_common/pico_stdio_usb/stdio_usb.c.obj
 .rodata.str1.4
                0x1000d334       0x2a CMakeFiles/kms.dir/usr/share/pico-sdk/src/rp2_common/pico_stdio_usb/stdio_usb_descriptors.c.obj
 .rodata.usbd_desc_str
                0x1000d334       0x18 CMakeFiles/kms.dir/usr/share/pico-sdk/src/rp2_common/pico_stdio_usb/stdio_usb_descriptors.c.obj
 .rodata.usbd_desc_cfg
                0x1000d34c       0x54 CMakeFiles/kms.dir/usr/share/pico-sdk/src/rp2_common/pico_stdio_usb/stdio_usb_descriptors.c.obj
 .rodata.usbd_desc_device
                0x1000d3a0       0x12 CMakeFiles/kms.dir/usr/share/pico-sdk/src/rp2_common/pico_stdio_usb/stdio_usb_descriptors.c.obj
 .rodata.str1.4
                0x1000d3b2       0x14 CMakeFiles/kms.dir/usr/share/pico-sdk/lib/tinyusb/src/portable/raspberrypi/rp2040/dcd_rp2040.c.obj
 .rodata.str1.4
                0x1000d3b2       0x53 CMakeFiles/kms.dir/usr/share/pico-sdk/lib/tinyusb/src/portable/raspberrypi/rp2040/rp2040_usb.c.obj
 *fill*         0x1000d3b2        0x2 
 .rodata.tud_task_ext
                0x1000d3b4       0x8c CMakeFiles/kms.dir/usr/share/pico-sdk/lib/tinyusb/src/device/usbd.c.obj
 .rodata._usbd_driver
                0x1000d440       0x18 CMakeFiles/kms.dir/usr/share/pico-sdk/lib/tinyusb/src/device/usbd.c.obj
 .rodata.__svfscanf_r.str1.4
                0x1000d458        0x9 /usr/lib/gcc/arm-none-eabi/13.2.0/../../../../arm-none-eabi/lib/thumb/v6-m/nofp/libc.a(libc_a-vfscanf.o)
 .rodata.__svfscanf_r
                0x1000d458      0x3cc /usr/lib/gcc/arm-none-eabi/13.2.0/../../../../arm-none-eabi/lib/thumb/v6-m/nofp/libc.a(libc_a-vfscanf.o)
 .rodata.basefix.0
                0x1000d824       0x22 /usr/lib/gcc/arm-none-eabi/13.2.0/../../../../arm-none-eabi/lib/thumb/v6-m/nofp/libc.a(libc_a-vfscanf.o)
 .rodata._setlocale_r.str1.4
                0x1000d846        0xd /usr/lib/gcc/arm-none-eabi/13.2.0/../../../../arm-none-eabi/lib/thumb/v6-m/nofp/libc.a(libc_a-locale.o)
 .rodata.str1.4
                0x1000d846        0x2 /usr/lib/gcc/arm-none-eabi/13.2.0/../../../../arm-none-eabi/lib/thumb/v6-m/nofp/libc.a(libc_a-locale.o)
 .rodata._strtod_l.str1.4
                0x1000d846       0x15 /usr/lib/gcc/arm-none-eabi/13.2.0/../../../../arm-none-eabi/lib/thumb/v6-m/nofp/libc.a(libc_a-strtod.o)
 *fill*         0x1000d846        0x2 
 .rodata._strtod_l
                0x1000d848       0xd0 /usr/lib/gcc/arm-none-eabi/13.2.0/../../../../arm-none-eabi/lib/thumb/v6-m/nofp/libc.a(libc_a-strtod.o)
 .rodata.fpinan.0
                0x1000d918       0x14 /usr/lib/gcc/arm-none-eabi/13.2.0/../../../../arm-none-eabi/lib/thumb/v6-m/nofp/libc.a(libc_a-strtod.o)
 .rodata.fpi.1  0x1000d92c       0x14 /usr/lib/gcc/arm-none-eabi/13.2.0/../../../../arm-none-eabi/lib/thumb/v6-m/nofp/libc.a(libc_a-strtod.o)
 .rodata.tinytens
                0x1000d940       0x28 /usr/lib/gcc/arm-none-eabi/13.2.0/../../../../arm-none-eabi/lib/thumb/v6-m/nofp/libc.a(libc_a-strtod.o)
 .rodata._mbrtowc_r.str1.4
                0x1000d968        0x1 /usr/lib/gcc/arm-none-eabi/13.2.0/../../../../arm-none-eabi/lib/thumb/v6-m/nofp/libc.a(libc_a-mbrtowc.o)
 .rodata._ctype_
                0x1000d968      0x101 /usr/lib/gcc/arm-none-eabi/13.2.0/../../../../arm-none-eabi/lib/thumb/v6-m/nofp/libc.a(libc_a-ctype_.o)
                0x1000d968                _ctype_
 .rodata.__gethex.str1.4
                0x1000da69       0x62 /usr/lib/gcc/arm-none-eabi/13.2.0/../../../../arm-none-eabi/lib/thumb/v6-m/nofp/libc.a(libc_a-gdtoa-gethex.o)
 *fill*         0x1000da69        0x3 
 .rodata.__hexdig
                0x1000da6c      0x100 /usr/lib/gcc/arm-none-eabi/13.2.0/../../../../arm-none-eabi/lib/thumb/v6-m/nofp/libc.a(libc_a-gdtoa-gethex.o)
                0x1000da6c                __hexdig
 .rodata.__multadd.str1.4
                0x1000db6c       0x57 /usr/lib/gcc/arm-none-eabi/13.2.0/../../../../arm-none-eabi/lib/thumb/v6-m/nofp/libc.a(libc_a-mprec.o)
 .rodata.p05.0  0x1000db6c        0xc /usr/lib/gcc/arm-none-eabi/13.2.0/../../../../arm-none-eabi/lib/thumb/v6-m/nofp/libc.a(libc_a-mprec.o)
 .rodata.__mprec_bigtens
                0x1000db78       0x28 /usr/lib/gcc/arm-none-eabi/13.2.0/../../../../arm-none-eabi/lib/thumb/v6-m/nofp/libc.a(libc_a-mprec.o)
                0x1000db78                __mprec_bigtens
 .rodata.__mprec_tens
                0x1000dba0       0xc8 /usr/lib/gcc/arm-none-eabi/13.2.0/../../../../arm-none-eabi/lib/thumb/v6-m/nofp/libc.a(libc_a-mprec.o)
                0x1000dba0                __mprec_tens
                0x1000dc68                        . = ALIGN (0x4)
 *(SORT_BY_ALIGNMENT(SORT_BY_NAME(.flashdata*)))
                0x1000dc68                        . = ALIGN (0x4)

.ARM.extab
 *(.ARM.extab* .gnu.linkonce.armextab.*)
                0x1000dc68                        __exidx_start = .

.ARM.exidx
 *(.ARM.exidx* .gnu.linkonce.armexidx.*)
                0x1000dc68                        __exidx_end = .
                0x1000dc68                        . = ALIGN (0x4)
                0x1000dc68                        __binary_info_start = .

.binary_info    0x1000dc68       0x20
 *(.binary_info.keep.*)
 .binary_info.keep.__bi_ptr81
                0x1000dc68        0x4 CMakeFiles/kms.dir/usr/share/pico-sdk/src/rp2_common/pico_standard_link/binary_info.c.obj
 .binary_info.keep.__bi_ptr75
                0x1000dc6c        0x4 CMakeFiles/kms.dir/usr/share/pico-sdk/src/rp2_common/pico_standard_link/binary_info.c.obj
 .binary_info.keep.__bi_ptr50
                0x1000dc70        0x4 CMakeFiles/kms.dir/usr/share/pico-sdk/src/rp2_common/pico_standard_link/binary_info.c.obj
 .binary_info.keep.__bi_ptr44
                0x1000dc74        0x4 CMakeFiles/kms.dir/usr/share/pico-sdk/src/rp2_common/pico_standard_link/binary_info.c.obj
 .binary_info.keep.__bi_ptr38
                0x1000dc78        0x4 CMakeFiles/kms.dir/usr/share/pico-sdk/src/rp2_common/pico_standard_link/binary_info.c.obj
 .binary_info.keep.__bi_ptr30
                0x1000dc7c        0x4 CMakeFiles/kms.dir/usr/share/pico-sdk/src/rp2_common/pico_standard_link/binary_info.c.obj
 .binary_info.keep.__bi_ptr22
                0x1000dc80        0x4 CMakeFiles/kms.dir/usr/share/pico-sdk/src/rp2_common/pico_standard_link/binary_info.c.obj
 *(.binary_info.*)
 .binary_info.__bi_ptr182
                0x1000dc84        0x4 CMakeFiles/kms.dir/usr/share/pico-sdk/src/rp2_common/pico_stdio_usb/stdio_usb.c.obj
                0x1000dc88                        __binary_info_end = .

.rel.dyn        0x1000dc88        0x0
 .rel.iplt      0x1000dc88        0x0 /usr/lib/gcc/arm-none-eabi/13.2.0/thumb/v6-m/nofp/crtbegin.o
                0x1000dc88                        . = ALIGN (0x4)

.ram_vector_table
                0x20000000       0xc0
 *(.ram_vector_table)
 .ram_vector_table
                0x20000000       0xc0 CMakeFiles/kms.dir/usr/share/pico-sdk/src/rp2_common/pico_runtime/runtime.c.obj
                0x20000000                ram_vector_table

.data           0x200000c0     0x14d8 load address 0x1000dc88
                0x200000c0                        __data_start__ = .
 *(vtable)
 *(.time_critical*)
 .time_critical.mutex_try_enter
                0x200000c0       0x40 CMakeFiles/kms.dir/usr/share/pico-sdk/src/common/pico_sync/mutex.c.obj
                0x200000c0                mutex_try_enter
 .time_critical.mutex_try_enter_block_until
                0x20000100       0x9c CMakeFiles/kms.dir/usr/share/pico-sdk/src/common/pico_sync/mutex.c.obj
                0x20000100                mutex_try_enter_block_until
 .time_critical.mutex_enter_timeout_ms
                0x2000019c       0x90 CMakeFiles/kms.dir/usr/share/pico-sdk/src/common/pico_sync/mutex.c.obj
                0x2000019c                mutex_enter_timeout_ms
 .time_critical.mutex_exit
                0x2000022c       0x28 CMakeFiles/kms.dir/usr/share/pico-sdk/src/common/pico_sync/mutex.c.obj
                0x2000022c                mutex_exit
 .time_critical.flash_init_boot2_copyout
                0x20000254       0x30 CMakeFiles/kms.dir/usr/share/pico-sdk/src/rp2_common/hardware_flash/flash.c.obj
 .time_critical.flash_enable_xip_via_boot2
                0x20000284        0xc CMakeFiles/kms.dir/usr/share/pico-sdk/src/rp2_common/hardware_flash/flash.c.obj
 .time_critical.flash_cs_force
                0x20000290       0x38 CMakeFiles/kms.dir/usr/share/pico-sdk/src/rp2_common/hardware_flash/flash.c.obj
 .time_critical.flash_do_cmd
                0x200002c8       0xc0 CMakeFiles/kms.dir/usr/share/pico-sdk/src/rp2_common/hardware_flash/flash.c.obj
                0x200002c8                flash_do_cmd
 .time_critical.reset_non_control_endpoints
                0x20000388       0x68 CMakeFiles/kms.dir/usr/share/pico-sdk/lib/tinyusb/src/portable/raspberrypi/rp2040/dcd_rp2040.c.obj
 .time_critical.hw_handle_buff_status
                0x200003f0       0xb0 CMakeFiles/kms.dir/usr/share/pico-sdk/lib/tinyusb/src/portable/raspberrypi/rp2040/dcd_rp2040.c.obj
 .time_critical.dcd_rp2040_irq
                0x200004a0      0x510 CMakeFiles/kms.dir/usr/share/pico-sdk/lib/tinyusb/src/portable/raspberrypi/rp2040/dcd_rp2040.c.obj
 .time_critical.e15_is_bulkin_ep
                0x200009b0       0x28 CMakeFiles/kms.dir/usr/share/pico-sdk/lib/tinyusb/src/portable/raspberrypi/rp2040/rp2040_usb.c.obj
 .time_critical.e15_is_critical_frame_period
                0x200009d8       0x34 CMakeFiles/kms.dir/usr/share/pico-sdk/lib/tinyusb/src/portable/raspberrypi/rp2040/rp2040_usb.c.obj
 .time_critical.prepare_ep_buffer
                0x20000a0c       0x6c CMakeFiles/kms.dir/usr/share/pico-sdk/lib/tinyusb/src/portable/raspberrypi/rp2040/rp2040_usb.c.obj
 .time_critical.sync_ep_buffer
                0x20000a78       0x48 CMakeFiles/kms.dir/usr/share/pico-sdk/lib/tinyusb/src/portable/raspberrypi/rp2040/rp2040_usb.c.obj
 .time_critical._hw_endpoint_xfer_sync
                0x20000ac0       0x28 CMakeFiles/kms.dir/usr/share/pico-sdk/lib/tinyusb/src/portable/raspberrypi/rp2040/rp2040_usb.c.obj
 .time_critical.hw_endpoint_reset_transfer
                0x20000ae8        0xc CMakeFiles/kms.dir/usr/share/pico-sdk/lib/tinyusb/src/portable/raspberrypi/rp2040/rp2040_usb.c.obj
                0x20000ae8                hw_endpoint_reset_transfer
 .time_critical._hw_endpoint_buffer_control_update32
                0x20000af4       0x58 CMakeFiles/kms.dir/usr/share/pico-sdk/lib/tinyusb/src/portable/raspberrypi/rp2040/rp2040_usb.c.obj
                0x20000af4                _hw_endpoint_buffer_control_update32
 .time_critical.hw_endpoint_start_next_buffer
                0x20000b4c       0x6c CMakeFiles/kms.dir/usr/share/pico-sdk/lib/tinyusb/src/portable/raspberrypi/rp2040/rp2040_usb.c.obj
                0x20000b4c                hw_endpoint_start_next_buffer
 .time_critical.hw_endpoint_xfer_continue
                0x20000bb8       0x50 CMakeFiles/kms.dir/usr/share/pico-sdk/lib/tinyusb/src/portable/raspberrypi/rp2040/rp2040_usb.c.obj
                0x20000bb8                hw_endpoint_xfer_continue
 .time_critical.tinyusb
                0x20000c08      0x16c CMakeFiles/kms.dir/usr/share/pico-sdk/lib/tinyusb/src/device/usbd.c.obj
                0x20000c08                dcd_event_handler
 *(.text*)
 .text          0x20000d74        0x4 /usr/lib/gcc/arm-none-eabi/13.2.0/thumb/v6-m/nofp/libgcc.a(_dvmd_tls.o)
                0x20000d74                __aeabi_ldiv0
                0x20000d74                __aeabi_idiv0
 .text.__stub   0x20000d78       0x70 linker stubs
                0x20000de8                        . = ALIGN (0x4)
 *(.rodata*)
                0x20000de8                        . = ALIGN (0x4)
 *(.data*)
 .data.striped_spin_lock_num
                0x20000de8        0x1 CMakeFiles/kms.dir/usr/share/pico-sdk/src/rp2_common/hardware_sync/sync.c.obj
 *fill*         0x20000de9        0x3 
 .data          0x20000dec       0x48 CMakeFiles/kms.dir/usr/share/pico-sdk/src/rp2_common/hardware_irq/irq_handler_chain.S.obj
                0x20000dec                irq_handler_chain_slots
                0x20000e1c                irq_handler_chain_first_slot
                0x20000e26                irq_handler_chain_remove_tail
 .data.default_alarm_pool
                0x20000e34       0x18 CMakeFiles/kms.dir/usr/share/pico-sdk/src/common/pico_time/time.c.obj
 .data.default_alarm_pool_heap
                0x20000e4c       0x10 CMakeFiles/kms.dir/usr/share/pico-sdk/src/common/pico_time/time.c.obj
 *fill*         0x20000e5c        0x4 
 .data.aeabi_bits_funcs
                0x20000e60       0x10 CMakeFiles/kms.dir/usr/share/pico-sdk/src/rp2_common/pico_bit_ops/bit_ops_aeabi.S.obj
                0x20000e60                aeabi_bits_funcs
                0x20000e70                aeabi_bits_funcs_end
 .data.aeabi_mem_funcs
                0x20000e70       0x10 CMakeFiles/kms.dir/usr/share/pico-sdk/src/rp2_common/pico_mem_ops/mem_ops_aeabi.S.obj
                0x20000e70                aeabi_mem_funcs
                0x20000e80                aeabi_mem_funcs_end
 .data.stdio_usb
                0x20000e80       0x18 CMakeFiles/kms.dir/usr/share/pico-sdk/src/rp2_common/pico_stdio_usb/stdio_usb.c.obj
                0x20000e80                stdio_usb
 .data.ep_dir_string
                0x20000e98        0x8 CMakeFiles/kms.dir/usr/share/pico-sdk/lib/tinyusb/src/portable/raspberrypi/rp2040/rp2040_usb.c.obj
                0x20000e98                ep_dir_string
 .data._usbd_qdef
                0x20000ea0       0x1c CMakeFiles/kms.dir/usr/share/pico-sdk/lib/tinyusb/src/device/usbd.c.obj
                0x20000ea0                _usbd_qdef
 .data._usbd_rhport
                0x20000ebc        0x1 CMakeFiles/kms.dir/usr/share/pico-sdk/lib/tinyusb/src/device/usbd.c.obj
 *fill*         0x20000ebd        0x3 
 .data.__malloc_sbrk_base
                0x20000ec0        0x4 /usr/lib/gcc/arm-none-eabi/13.2.0/../../../../arm-none-eabi/lib/thumb/v6-m/nofp/libc.a(libc_a-mallocr.o)
                0x20000ec0                __malloc_sbrk_base
 .data.__malloc_trim_threshold
                0x20000ec4        0x4 /usr/lib/gcc/arm-none-eabi/13.2.0/../../../../arm-none-eabi/lib/thumb/v6-m/nofp/libc.a(libc_a-mallocr.o)
                0x20000ec4                __malloc_trim_threshold
 .data.__malloc_av_
                0x20000ec8      0x408 /usr/lib/gcc/arm-none-eabi/13.2.0/../../../../arm-none-eabi/lib/thumb/v6-m/nofp/libc.a(libc_a-mallocr.o)
                0x20000ec8                __malloc_av_
 .data._impure_ptr
                0x200012d0        0x4 /usr/lib/gcc/arm-none-eabi/13.2.0/../../../../arm-none-eabi/lib/thumb/v6-m/nofp/libc.a(libc_a-impure.o)
                0x200012d0                _impure_ptr
 *fill*         0x200012d4        0x4 
 .data._impure_data
                0x200012d8      0x120 /usr/lib/gcc/arm-none-eabi/13.2.0/../../../../arm-none-eabi/lib/thumb/v6-m/nofp/libc.a(libc_a-impure.o)
                0x200012d8                _impure_data
 .data.__atexit_recursive_mutex
                0x200013f8        0x4 /usr/lib/gcc/arm-none-eabi/13.2.0/../../../../arm-none-eabi/lib/thumb/v6-m/nofp/libc.a(libc_a-__call_atexit.o)
                0x200013f8                __atexit_recursive_mutex
 .data.__sglue  0x200013fc        0xc /usr/lib/gcc/arm-none-eabi/13.2.0/../../../../arm-none-eabi/lib/thumb/v6-m/nofp/libc.a(libc_a-findfp.o)
                0x200013fc                __sglue
 .data.__global_locale
                0x20001408      0x16c /usr/lib/gcc/arm-none-eabi/13.2.0/../../../../arm-none-eabi/lib/thumb/v6-m/nofp/libc.a(libc_a-locale.o)
                0x20001408                __global_locale
                0x20001574                        . = ALIGN (0x4)
 *(.after_data.*)
                0x20001574                        . = ALIGN (0x4)
                0x20001574                        PROVIDE (__mutex_array_start = .)
 *(SORT_BY_NAME(.mutex_array.*))
 *(.mutex_array)
 .mutex_array   0x20001574        0x8 CMakeFiles/kms.dir/usr/share/pico-sdk/src/rp2_common/pico_stdio/stdio.c.obj
                0x2000157c                        PROVIDE (__mutex_array_end = .)
                0x2000157c                        . = ALIGN (0x4)
                0x2000157c                        PROVIDE (__preinit_array_start = .)
 *(SORT_BY_NAME(.preinit_array.*))
 .preinit_array.00001
                0x2000157c        0x4 CMakeFiles/kms.dir/usr/share/pico-sdk/src/rp2_common/pico_mem_ops/mem_ops_aeabi.S.obj
 .preinit_array.00010
                0x20001580        0x4 CMakeFiles/kms.dir/usr/share/pico-sdk/src/rp2_common/pico_bit_ops/bit_ops_aeabi.S.obj
 .preinit_array.00020
                0x20001584        0x4 CMakeFiles/kms.dir/usr/share/pico-sdk/src/rp2_common/pico_double/double_aeabi.S.obj
 .preinit_array.00020
                0x20001588        0x4 CMakeFiles/kms.dir/usr/share/pico-sdk/src/rp2_common/pico_float/float_aeabi.S.obj
 *(.preinit_array)
                0x2000158c                        PROVIDE (__preinit_array_end = .)
                0x2000158c                        . = ALIGN (0x4)
                0x2000158c                        PROVIDE (__init_array_start = .)
 *(SORT_BY_NAME(.init_array.*))
 .init_array.00000
                0x2000158c        0x4 /usr/lib/gcc/arm-none-eabi/13.2.0/../../../../arm-none-eabi/lib/thumb/v6-m/nofp/libc.a(libc_a-__call_atexit.o)
 *(.init_array)
 .init_array    0x20001590        0x4 /usr/lib/gcc/arm-none-eabi/13.2.0/thumb/v6-m/nofp/crtbegin.o
 .init_array    0x20001594        0x4 CMakeFiles/kms.dir/usr/share/pico-sdk/src/rp2_common/pico_unique_id/unique_id.c.obj
                0x20001598                        PROVIDE (__init_array_end = .)
                0x20001598                        . = ALIGN (0x4)
                0x20001598                        PROVIDE (__fini_array_start = .)
 *(SORT_BY_NAME(.fini_array.*))
 *(.fini_array)
                0x20001598                        PROVIDE (__fini_array_end = .)
 *(.jcr)
                0x20001598                        . = ALIGN (0x4)
                0x20001598                        __data_end__ = .
                0x1000dc88                        __etext = LOADADDR (.data)

.igot.plt       0x20001598        0x0 load address 0x1000f160
 .igot.plt      0x20001598        0x0 /usr/lib/gcc/arm-none-eabi/13.2.0/thumb/v6-m/nofp/crtbegin.o

.uninitialized_data
                0x20001598        0x0 load address 0x1000f160
                0x20001598                        . = ALIGN (0x4)
 *(.uninitialized_data*)

.scratch_x      0x20040000        0x0 load address 0x1000f160
                0x20040000                        __scratch_x_start__ = .
 *(.scratch_x.*)
                0x20040000                        . = ALIGN (0x4)
                0x20040000                        __scratch_x_end__ = .
                0x1000f160                        __scratch_x_source__ = LOADADDR (.scratch_x)

.scratch_y      0x20041000        0x0 load address 0x1000f160
                0x20041000                        __scratch_y_start__ = .
 *(.scratch_y.*)
                0x20041000                        . = ALIGN (0x4)
                0x20041000                        __scratch_y_end__ = .
                0x1000f160                        __scratch_y_source__ = LOADADDR (.scratch_y)

.bss            0x20001598     0x109c
                0x20001598                        . = ALIGN (0x4)
                0x20001598                        __bss_start__ = .
 *(SORT_BY_ALIGNMENT(SORT_BY_NAME(.bss*)))
 .bss.configured_freq
                0x20001598       0x28 CMakeFiles/kms.dir/usr/share/pico-sdk/src/rp2_common/hardware_clocks/clocks.c.obj
 .bss.default_alarm_pool_entries
                0x200015c0      0x100 CMakeFiles/kms.dir/usr/share/pico-sdk/src/common/pico_time/time.c.obj
 .bss.last_avail_time.1
                0x200016c0        0x8 CMakeFiles/kms.dir/usr/share/pico-sdk/src/rp2_common/pico_stdio_usb/stdio_usb.c.obj
 .bss.sd_table  0x200016c8      0x100 CMakeFiles/kms.dir/usr/share/pico-sdk/src/rp2_common/pico_double/double_init_rom.c.obj
                0x200016c8                sd_table
 .bss.sf_table  0x200017c8      0x100 CMakeFiles/kms.dir/usr/share/pico-sdk/src/rp2_common/pico_float/float_init_rom.c.obj
                0x200017c8                sf_table
 .bss.__atexit  0x200018c8        0x4 /usr/lib/gcc/arm-none-eabi/13.2.0/../../../../arm-none-eabi/lib/thumb/v6-m/nofp/libc.a(libc_a-__call_atexit.o)
                0x200018c8                __atexit
 .bss.__atexit0
                0x200018cc      0x190 /usr/lib/gcc/arm-none-eabi/13.2.0/../../../../arm-none-eabi/lib/thumb/v6-m/nofp/libc.a(libc_a-__atexit.o)
                0x200018cc                __atexit0
 .bss.__lock___atexit_recursive_mutex
                0x20001a5c        0x1 /usr/lib/gcc/arm-none-eabi/13.2.0/../../../../arm-none-eabi/lib/thumb/v6-m/nofp/libc.a(libc_a-lock.o)
                0x20001a5c                __lock___atexit_recursive_mutex
 *fill*         0x20001a5d        0x3 
 .bss.__lock___malloc_recursive_mutex
                0x20001a60        0x1 /usr/lib/gcc/arm-none-eabi/13.2.0/../../../../arm-none-eabi/lib/thumb/v6-m/nofp/libc.a(libc_a-lock.o)
                0x20001a60                __lock___malloc_recursive_mutex
 *fill*         0x20001a61        0x3 
 .bss.__lock___sfp_recursive_mutex
                0x20001a64        0x1 /usr/lib/gcc/arm-none-eabi/13.2.0/../../../../arm-none-eabi/lib/thumb/v6-m/nofp/libc.a(libc_a-lock.o)
                0x20001a64                __lock___sfp_recursive_mutex
 *fill*         0x20001a65        0x3 
 .bss.__malloc_current_mallinfo
                0x20001a68       0x28 /usr/lib/gcc/arm-none-eabi/13.2.0/../../../../arm-none-eabi/lib/thumb/v6-m/nofp/libc.a(libc_a-mallocr.o)
                0x20001a68                __malloc_current_mallinfo
 .bss.__malloc_max_sbrked_mem
                0x20001a90        0x4 /usr/lib/gcc/arm-none-eabi/13.2.0/../../../../arm-none-eabi/lib/thumb/v6-m/nofp/libc.a(libc_a-mallocr.o)
                0x20001a90                __malloc_max_sbrked_mem
 .bss.__malloc_max_total_mem
                0x20001a94        0x4 /usr/lib/gcc/arm-none-eabi/13.2.0/../../../../arm-none-eabi/lib/thumb/v6-m/nofp/libc.a(libc_a-mallocr.o)
                0x20001a94                __malloc_max_total_mem
 .bss.__malloc_top_pad
                0x20001a98        0x4 /usr/lib/gcc/arm-none-eabi/13.2.0/../../../../arm-none-eabi/lib/thumb/v6-m/nofp/libc.a(libc_a-mallocr.o)
                0x20001a98                __malloc_top_pad
 .bss.__sf      0x20001a9c      0x138 /usr/lib/gcc/arm-none-eabi/13.2.0/../../../../arm-none-eabi/lib/thumb/v6-m/nofp/libc.a(libc_a-findfp.o)
                0x20001a9c                __sf
 .bss.__stdio_exit_handler
                0x20001bd4        0x4 /usr/lib/gcc/arm-none-eabi/13.2.0/../../../../arm-none-eabi/lib/thumb/v6-m/nofp/libc.a(libc_a-findfp.o)
                0x20001bd4                __stdio_exit_handler
 .bss._app_driver
                0x20001bd8        0x4 CMakeFiles/kms.dir/usr/share/pico-sdk/lib/tinyusb/src/device/usbd.c.obj
 .bss._cdcd_itf